[radiantthemes-19947038.hs-sites.com/consultix.html]
[backblue.gif]
[fade.gif]
[index.html]
[19947038.fs1.hubspotusercontent-na1.net/hubfs/19947038/raw_assets/public/consultix/images/favicon.png]
[cdn2.hubspot.net/hub/19947038/hub_generated/template_assets/49042719786/1652069898962/consultix/css/main.min.css]
[cdn2.hubspot.net/hub/19947038/hub_generated/template_assets/49042805513/1652069897934/consultix/css/bootstrap.min.css]
[cdn2.hubspot.net/hub/19947038/hub_generated/template_assets/49042720394/1652069903337/consultix/css/generic/animate.min.css]
[cdn2.hubspot.net/hub/19947038/hub_generated/template_assets/49042720393/1652069898773/consultix/css/bsnav.min.css]
[cdn.jsdelivr.net/gh/lykmapipo/themify-icons@0.1.2/css/themify-icons.css]
[unpkg.com/swiper/swiper-bundle.min.c.delayed]
[unpkg.com/swiper@10.2.0/swiper-bundle.min.css]
[cdn2.hubspot.net/hub/19947038/hub_generated/template_assets/49042805514/1652069899674/consultix/css/theme-overrides.min.css]
[cdn2.hubspot.net/hub/19947038/hub_generated/module_assets/49042719059/1624024198361/module_49042719059_menu-section.min.css]
[cdn2.hubspot.net/hub/-1/hub_generated/module_assets/-2712622/1693236033133/module_-2712622_Site_Search_Input.min.css]
[radiantthemes-19947038.hs-sites.com/_hcms/googlefonts/Poppins/600.woff2]
[radiantthemes-19947038.hs-sites.com/_hcms/googlefonts/Poppins/600.woff]
[radiantthemes-19947038.hs-sites.com/_hcms/googlefonts/Poppins/regular.woff2]
[radiantthemes-19947038.hs-sites.com/_hcms/googlefonts/Poppins/regular.woff]
[radiantthemes-19947038.hs-sites.com/_hcms/googlefonts/Poppins/700.woff2]
[radiantthemes-19947038.hs-sites.com/_hcms/googlefonts/Poppins/700.woff]
[radiantthemes-19947038.hs-sites.com/_hcms/googlefonts/Rubik/regular.woff2]
[radiantthemes-19947038.hs-sites.com/_hcms/googlefonts/Rubik/regular.woff]
[19947038.fs1.hubspotusercontent-na1.net/hubfs/19947038/raw_assets/public/consultix/images/Why-Choose-Us-Background-Image.png]
[19947038.fs1.hubspotusercontent-na1.net/hub/19947038/hubfs/raw_assets/public/consultix/images/logoee8e.png]
[radiantthemes-19947038.hs-sites.com/consultix/about-our-company.html]
[radiantthemes-19947038.hs-sites.com/consultix/company-overview.html]
[radiantthemes-19947038.hs-sites.com/consultix/frequently-asked-questions.html]
[radiantthemes-19947038.hs-sites.com/consultix/software-research.html]
[radiantthemes-19947038.hs-sites.com/consultix/business-services.html]
[radiantthemes-19947038.hs-sites.com/consultix/landing.html]
[radiantthemes-19947038.hs-sites.com/consultix/blog.html]
[radiantthemes-19947038.hs-sites.com/consultix/blog/en/be-yourself-everyone-else-is-already-taken.html]
[radiantthemes-19947038.hs-sites.com/consultix/contact-us.html]
[19947038.fs1.hubspotusercontent-na1.net/hubfs/19947038/raw_assets/public/consultix/images/home-banner-one.jpg]
[19947038.fs1.hubspotusercontent-na1.net/hub/19947038/hubfs/raw_assets/public/consultix/images/Blue-Separator-Line-Image0412.png]
[19947038.fs1.hubspotusercontent-na1.net/hubfs/19947038/raw_assets/public/consultix/images/Financial-Planning-Icon.png]
[19947038.fs1.hubspotusercontent-na1.net/hubfs/19947038/raw_assets/public/consultix/images/Software-and-Hi-Tech-Icon.png]
[19947038.fs1.hubspotusercontent-na1.net/hubfs/19947038/raw_assets/public/consultix/images/Business-Services-Icon.png]
[19947038.fs1.hubspotusercontent-na1.net/hubfs/19947038/raw_assets/public/consultix/images/Quality-Resourcing-Icon.png]
[19947038.fs1.hubspotusercontent-na1.net/hubfs/19947038/raw_assets/public/consultix/images/Travel-and-Aviation-Icon.png]
[19947038.fs1.hubspotusercontent-na1.net/hubfs/19947038/raw_assets/public/consultix/images/Healthcare-Services-Icon.png]
[19947038.fs1.hubspotusercontent-na1.net/hubfs/19947038/raw_assets/public/consultix/images/Who-We-Are-Image.png]
[19947038.fs1.hubspotusercontent-na1.net/hub/19947038/hubfs/raw_assets/public/consultix/images/Separator-Image-Whitefd55.png]
[19947038.fs1.hubspotusercontent-na1.net/hubfs/19947038/raw_assets/public/consultix/images/First-Working-Process-Icon.png]
[19947038.fs1.hubspotusercontent-na1.net/hubfs/19947038/raw_assets/public/consultix/images/Dedicated-Team-Icon.png]
[19947038.fs1.hubspotusercontent-na1.net/hubfs/19947038/raw_assets/public/consultix/images/Support-icon.png]
[19947038.fs1.hubspotusercontent-na1.net/hubfs/19947038/raw_assets/public/consultix/images/Business-Planning-Strategy-Execution-Image.png]
[19947038.fs1.hubspotusercontent-na1.net/hubfs/19947038/raw_assets/public/consultix/images/Business-Planning-Strategy-Execution-Icon.png]
[19947038.fs1.hubspotusercontent-na1.net/hubfs/19947038/raw_assets/public/consultix/images/Financial-Projections-And-Analysis-Image.png]
[19947038.fs1.hubspotusercontent-na1.net/hubfs/19947038/raw_assets/public/consultix/images/Financial-Projections-And-Analysis-Icon.png]
[19947038.fs1.hubspotusercontent-na1.net/hubfs/19947038/raw_assets/public/consultix/images/International-Business-Opportunities-Image.png]
[19947038.fs1.hubspotusercontent-na1.net/hubfs/19947038/raw_assets/public/consultix/images/International-Business-Opportunities-Icon.png]
[19947038.fs1.hubspotusercontent-na1.net/hub/19947038/hubfs/raw_assets/public/consultix/images/blank-image6384.jpg]
[19947038.fs1.hubspotusercontent-na1.net/hubfs/19947038/raw_assets/public/consultix/images/Henry-Smith.jpg]
[19947038.fs1.hubspotusercontent-na1.net/hubfs/19947038/raw_assets/public/consultix/images/Jessica-McDade.jpg]
[19947038.fs1.hubspotusercontent-na1.net/hubfs/19947038/raw_assets/public/consultix/images/Albert-McCloud.jpg]
[19947038.fs1.hubspotusercontent-na1.net/hubfs/19947038/raw_assets/public/consultix/images/Mary-Spencer.jpg]
[19947038.fs1.hubspotusercontent-na1.net/hubfs/19947038/raw_assets/public/consultix/images/Benjamin.jpg]
[19947038.fs1.hubspotusercontent-na1.net/hubfs/19947038/raw_assets/public/consultix/images/Nickell.jpg]
[consultix.radiantthemes.com/wp-content/plugins/radiantthemes-addons/blog/images/blank-image-100x60.jpg]
[radiantthemes-19947038.hs-sites.com/miva/blog/en/visual-identity-system-is-more-memorable.html]
[19947038.fs1.hubspotusercontent-na1.net/hubfs/19947038/Imported_Blog_Media/06-blog-1.jpg]
[radiantthemes-19947038.hs-sites.com/tag/latest-news.html]
[radiantthemes-19947038.hs-sites.com/author/john-smith.html]
[radiantthemes-19947038.hs-sites.com/miva/blog/en/boost-your-startup-business-with-our-digital-agency.html]
[19947038.fs1.hubspotusercontent-na1.net/hubfs/19947038/Imported_Blog_Media/05-blog-2-3.jpg]
[radiantthemes-19947038.hs-sites.com/tag/revenue.html]
[radiantthemes-19947038.hs-sites.com/miva/blog/en/get-in-over-your-head-as-often-and-as-joyfully-as-possible.html]
[19947038.fs1.hubspotusercontent-na1.net/hubfs/19947038/Imported_Blog_Media/01-blog-1-2.jpg]
[radiantthemes-19947038.hs-sites.com/tag/guide.html]
[radiantthemes-19947038.hs-sites.com/miva/blog/en/be-yourself-everyone-else-is-already-taken.html]
[radiantthemes-19947038.hs-sites.com/miva/blog/en/tech-conference-with-global-activities.html]
[radiantthemes-19947038.hs-sites.com/tag/technology.html]
[radiantthemes-19947038.hs-sites.com/miva/blog/en/the-growing-technology-initiate-excellent-profit.html]
[19947038.fs1.hubspotusercontent-na1.net/hubfs/19947038/Imported_Blog_Media/08-blog-1.jpg]
[radiantthemes-19947038.hs-sites.com/consultix/templates/partials/footer.html]
[19947038.fs1.hubspotusercontent-na1.net/hubfs/19947038/raw_assets/public/consultix/images/footer-1.png]
[19947038.fs1.hubspotusercontent-na1.net/hubfs/19947038/raw_assets/public/consultix/images/logo.png]
[static.hsappstatic.net/content-cwv-embed/static-1.388/embed.js]
[code.jquery.com/jquery-3.6.0.min.js]
[unpkg.com/swiper/swiper-bundle.min.7f.delayed]
[unpkg.com/swiper@10.2.0/swiper-bundle.min.js]
[cdn2.hubspot.net/hub/19947038/hub_generated/template_assets/49042747287/1652069904288/consultix/js/jquery.matchHeight.min.js]
[cdn2.hubspot.net/hub/19947038/hub_generated/template_assets/49042720397/1652069903192/consultix/js/bsnav.min.js]
[cdn2.hubspot.net/hub/19947038/hub_generated/template_assets/49042719072/1652069904035/consultix/js/main.min.js]
[static.hsappstatic.net/cos-i18n/static-1.53/bundles/project.js]
[cdn2.hubspot.net/hub/19947038/hub_generated/module_assets/49042719059/1624024198293/module_49042719059_menu-section.min.js]
[cdn2.hubspot.net/hub/19947038/hub_generated/module_assets/49042719769/1624024194692/module_49042719769_Counter.min.js]
[cdn2.hubspot.net/hub/-1/hub_generated/module_assets/-2712622/1693236032478/module_-2712622_Site_Search_Input.min.js]
[cdn2.hubspot.net/hub/19947038/hub_generated/module_assets/49042778644/1624024199802/module_49042778644_Team.min.js]
[cdn2.hubspot.net/hub/19947038/hub_generated/module_assets/49042747283/1624024200799/module_49042747283_Testomonial_Slider_Three.min.js]
[cdn2.hubspot.net/hub/19947038/hub_generated/module_assets/49042746891/1624024199913/module_49042746891_Recent_Blog_Slider.min.js]
[radiantthemes-19947038.hs-sites.com/hs/scriptloader/19947038.js]
[radiantthemes-19947038.hs-sites.com/consultix.html]
[static.hsappstatic.net/HubspotToolsMenu/static-1.191/js/index.js]
[static.hsappstatic.net/cos-LanguageSwitcher/static-1.1/img/globe.png]
[cdn2.hubspot.net/hub/19947038/hub_generated/template_assets/49042719786/1652069898962/consultix/css/main.min.css]
[cdn2.hubspot.net/hub/19947038/hub_generated/template_assets/49042805513/1652069897934/consultix/css/bootstrap.min.css]
[cdn2.hubspot.net/hub/19947038/hub_generated/template_assets/49042720394/1652069903337/consultix/css/generic/animate.min.css]
[cdn2.hubspot.net/hub/19947038/hub_generated/template_assets/49042720393/1652069898773/consultix/css/bsnav.min.css]
[cdn.jsdelivr.net/gh/lykmapipo/themify-icons@0.1.2/css/themify-icons.css]
[unpkg.com/swiper@10.2.0/swiper-bundle.min.css]
[cdn2.hubspot.net/hub/19947038/hub_generated/template_assets/49042805514/1652069899674/consultix/css/theme-overrides.min.css]
[cdn2.hubspot.net/hub/19947038/hub_generated/module_assets/49042719059/1624024198361/module_49042719059_menu-section.min.css]
[cdn2.hubspot.net/hub/-1/hub_generated/module_assets/-2712622/1693236033133/module_-2712622_Site_Search_Input.min.css]
[cdn2.hubspot.net/hub/19947038/hub_generated/module_assets/49042746891/1624024199972/module_49042746891_Recent_Blog_Slider.min.css]
[radiantthemes-19947038.hs-sites.com/_hcms/forms/v2.js]
[19947038.fs1.hubspotusercontent-na1.net/hubfs/19947038/raw_assets/public/consultix/images/about-banner.png]
[19947038.fs1.hubspotusercontent-na1.net/hubfs/19947038/raw_assets/public/consultix/images/about-icon1.png]
[19947038.fs1.hubspotusercontent-na1.net/hubfs/19947038/raw_assets/public/consultix/images/about-icon2.png]
[19947038.fs1.hubspotusercontent-na1.net/hubfs/19947038/raw_assets/public/consultix/images/about-image.png]
[19947038.fs1.hubspotusercontent-na1.net/hubfs/19947038/raw_assets/public/consultix/images/Quality.png]
[19947038.fs1.hubspotusercontent-na1.net/hubfs/19947038/raw_assets/public/consultix/images/Relation.png]
[19947038.fs1.hubspotusercontent-na1.net/hubfs/19947038/raw_assets/public/consultix/images/Abilities.png]
[19947038.fs1.hubspotusercontent-na1.net/hubfs/19947038/raw_assets/public/consultix/images/about-image2.jpg]
[19947038.fs1.hubspotusercontent-na1.net/hubfs/19947038/raw_assets/public/consultix/images/about-image3.png]
[19947038.fs1.hubspotusercontent-na1.net/hubfs/19947038/raw_assets/public/consultix/images/Successfully.png]
[19947038.fs1.hubspotusercontent-na1.net/hubfs/19947038/raw_assets/public/consultix/images/Countries.png]
[19947038.fs1.hubspotusercontent-na1.net/hubfs/19947038/raw_assets/public/consultix/images/Years.png]
[19947038.fs1.hubspotusercontent-na1.net/hubfs/19947038/raw_assets/public/consultix/images/about-image4.jpg]
[radiantthemes-19947038.hs-sites.com/consultix/consultix/templates/partials/footer.html]
[radiantthemes-19947038.hs-sites.com/consultix/about-our-company.html]
[19947038.fs1.hubspotusercontent-na1.net/hubfs/19947038/raw_assets/public/consultix/images/background.jpg]
[19947038.fs1.hubspotusercontent-na1.net/hubfs/19947038/raw_assets/public/consultix/images/Job-background.jpg]
[19947038.fs1.hubspotusercontent-na1.net/hubfs/19947038/raw_assets/public/consultix/images/Who-We-Are.png]
[19947038.fs1.hubspotusercontent-na1.net/hubfs/19947038/raw_assets/public/consultix/images/Mission.png]
[19947038.fs1.hubspotusercontent-na1.net/hubfs/19947038/raw_assets/public/consultix/images/Vision.png]
[19947038.fs1.hubspotusercontent-na1.net/hubfs/19947038/raw_assets/public/consultix/images/Practical-Experience.jpg]
[19947038.fs1.hubspotusercontent-na1.net/hubfs/19947038/raw_assets/public/consultix/images/top-line.jpg]
[19947038.fs1.hubspotusercontent-na1.net/hubfs/19947038/raw_assets/public/consultix/images/services-1.jpg]
[19947038.fs1.hubspotusercontent-na1.net/hubfs/19947038/raw_assets/public/consultix/images/Strategy-1.jpg]
[19947038.fs1.hubspotusercontent-na1.net/hubfs/19947038/raw_assets/public/consultix/images/images.png]
[19947038.fs1.hubspotusercontent-na1.net/hubfs/19947038/raw_assets/public/consultix/images/Clients-1.jpg]
[19947038.fs1.hubspotusercontent-na1.net/hubfs/19947038/raw_assets/public/consultix/images/staf-1.jpg]
[19947038.fs1.hubspotusercontent-na1.net/hubfs/19947038/raw_assets/public/consultix/images/Testimonial-Client-Image-001.png]
[19947038.fs1.hubspotusercontent-na1.net/hubfs/19947038/raw_assets/public/consultix/images/Testimonial-Client-Image-002.png]
[19947038.fs1.hubspotusercontent-na1.net/hubfs/19947038/raw_assets/public/consultix/images/Testimonial-Client-Image-08.png]
[19947038.fs1.hubspotusercontent-na1.net/hubfs/19947038/raw_assets/public/consultix/images/Testimonial-Client-Image-07.png]
[19947038.fs1.hubspotusercontent-na1.net/hubfs/19947038/raw_assets/public/consultix/images/Testimonial-Client-Image-06.png]
[19947038.fs1.hubspotusercontent-na1.net/hubfs/19947038/raw_assets/public/consultix/images/Testimonial-Client-Image-05.png]
[19947038.fs1.hubspotusercontent-na1.net/hubfs/19947038/raw_assets/public/consultix/images/Testimonial-Client-Image-04.png]
[19947038.fs1.hubspotusercontent-na1.net/hubfs/19947038/raw_assets/public/consultix/images/Testimonial-Client-Image-03.png]
[19947038.fs1.hubspotusercontent-na1.net/hubfs/19947038/raw_assets/public/consultix/images/Clients-logo10.png]
[19947038.fs1.hubspotusercontent-na1.net/hubfs/19947038/raw_assets/public/consultix/images/Clients-logo9.png]
[19947038.fs1.hubspotusercontent-na1.net/hubfs/19947038/raw_assets/public/consultix/images/Clients-logo8.png]
[19947038.fs1.hubspotusercontent-na1.net/hubfs/19947038/raw_assets/public/consultix/images/Clients-logo7.png]
[19947038.fs1.hubspotusercontent-na1.net/hubfs/19947038/raw_assets/public/consultix/images/Clients-logo6.png]
[19947038.fs1.hubspotusercontent-na1.net/hubfs/19947038/raw_assets/public/consultix/images/Clients-logo4.png]
[19947038.fs1.hubspotusercontent-na1.net/hubfs/19947038/raw_assets/public/consultix/images/Clients-logo3.png]
[19947038.fs1.hubspotusercontent-na1.net/hubfs/19947038/raw_assets/public/consultix/images/Clients-logo2.png]
[19947038.fs1.hubspotusercontent-na1.net/hubfs/19947038/raw_assets/public/consultix/images/Clients-logo1.png]
[radiantthemes-19947038.hs-sites.com/consultix/company-overview.html]
[cdn2.hubspot.net/hub/19947038/hub_generated/module_assets/49042457783/1624024200374/module_49042457783_Testomonial_Slider_One.min.js]
[cdn2.hubspot.net/hub/19947038/hub_generated/module_assets/49042720382/1624024196276/module_49042720382_Faq.min.css]
[19947038.fs1.hubspotusercontent-na1.net/hubfs/19947038/raw_assets/public/consultix/images/Call-Back.jpg]
[19947038.fs1.hubspotusercontent-na1.net/hubfs/19947038/raw_assets/public/consultix/images/faq-icon1.png]
[19947038.fs1.hubspotusercontent-na1.net/hubfs/19947038/raw_assets/public/consultix/images/faq-icon2-1.png]
[19947038.fs1.hubspotusercontent-na1.net/hubfs/19947038/raw_assets/public/consultix/images/faq-icon3.png]
[cdn2.hubspot.net/hub/19947038/hub_generated/module_assets/49042720382/1624024196214/module_49042720382_Faq.min.js]
[radiantthemes-19947038.hs-sites.com/consultix/frequently-asked-questions.html]
[static.hsappstatic.net/keyboard-accessible-menu-flyouts/static-1.17/bundles/project.js]
[19947038.fs1.hubspotusercontent-na1.net/hub/19947038/hubfs/raw_assets/public/consultix/images/services-twob6b1.jpg]
[19947038.fs1.hubspotusercontent-na1.net/hubfs/19947038/raw_assets/public/consultix/images/make-best.png]
[19947038.fs1.hubspotusercontent-na1.net/hubfs/19947038/raw_assets/public/consultix/images/data.jpg]
[radiantthemes-19947038.hs-sites.com/consultix/software-research.html]
[19947038.fs1.hubspotusercontent-na1.net/hub/19947038/hubfs/raw_assets/public/consultix/images/Business-Ambitions929d.jpg]
[19947038.fs1.hubspotusercontent-na1.net/hubfs/19947038/raw_assets/public/consultix/images/bulb.png]
[19947038.fs1.hubspotusercontent-na1.net/hubfs/19947038/raw_assets/public/consultix/images/mail-1.png]
[19947038.fs1.hubspotusercontent-na1.net/hubfs/19947038/raw_assets/public/consultix/images/chart-1.png]
[19947038.fs1.hubspotusercontent-na1.net/hubfs/19947038/raw_assets/public/consultix/images/Differentiate.jpg]
[19947038.fs1.hubspotusercontent-na1.net/hubfs/19947038/raw_assets/public/consultix/images/boost.jpg]
[19947038.fs1.hubspotusercontent-na1.net/hubfs/19947038/raw_assets/public/consultix/images/Enhance.jpg]
[radiantthemes-19947038.hs-sites.com/consultix/business-services.html]
[19947038.fs1.hubspotusercontent-na1.net/hubfs/19947038/raw_assets/public/consultix/images/image.png]
[19947038.fs1.hubspotusercontent-na1.net/hubfs/19947038/raw_assets/public/consultix/images/services-background-1.jpg]
[19947038.fs1.hubspotusercontent-na1.net/hubfs/19947038/raw_assets/public/consultix/images/services-background2-1.jpg]
[19947038.fs1.hubspotusercontent-na1.net/hubfs/19947038/raw_assets/public/consultix/images/services-background3.jpg]
[19947038.fs1.hubspotusercontent-na1.net/hubfs/19947038/raw_assets/public/consultix/images/background (1).jpg]
[19947038.fs1.hubspotusercontent-na1.net/hubfs/19947038/raw_assets/public/consultix/images/banner6.jpg]
[19947038.fs1.hubspotusercontent-na1.net/hubfs/19947038/raw_assets/public/consultix/images/Financial-Planning.jpg]
[19947038.fs1.hubspotusercontent-na1.net/hubfs/19947038/raw_assets/public/consultix/images/Software-Research.jpg]
[19947038.fs1.hubspotusercontent-na1.net/hubfs/19947038/raw_assets/public/consultix/images/Business-Services.jpg]
[19947038.fs1.hubspotusercontent-na1.net/hubfs/19947038/raw_assets/public/consultix/images/logo-icon-one.png]
[19947038.fs1.hubspotusercontent-na1.net/hubfs/19947038/raw_assets/public/consultix/images/logo-icon-two.png]
[19947038.fs1.hubspotusercontent-na1.net/hubfs/19947038/raw_assets/public/consultix/images/logo-icon-three.png]
[19947038.fs1.hubspotusercontent-na1.net/hubfs/19947038/raw_assets/public/consultix/images/logo-icon-four.png]
[radiantthemes-19947038.hs-sites.com/consultix/landing.html]
[cdn2.hubspot.net/hub/19947038/hub_generated/module_assets/49042719063/1624024201432/module_49042719063_Testomonial_Slider_Two.min.js]
[cdn2.hubspot.net/hub/19947038/hub_generated/template_assets/49042720396/1652069901947/consultix/css/templates/blog.min.css]
[radiantthemes-19947038.hs-sites.com/consultix/blog/page/2.html]
[radiantthemes-19947038.hs-sites.com/consultix/blog/rss.xml]
[radiantthemes-19947038.hs-sites.com/consultix/blog/en/planning-your-online-business-goals-with-a-specialist.html]
[19947038.fs1.hubspotusercontent-na1.net/hubfs/19947038/Imported_Blog_Media/03-blog-1-1.jpg]
[radiantthemes-19947038.hs-sites.com/consultix/blog/author/david-smith.html]
[platform.linkedin.com/in.js]
[19947038.fs1.hubspotusercontent-na1.net/hub/19947038/hubfs/author4fe0e.jpg]
[radiantthemes-19947038.hs-sites.com/consultix/blog/tag/inspiration.html]
[radiantthemes-19947038.hs-sites.com/consultix/blog/en/the-growing-technology-initiate-excellent-profit.html]
[19947038.fs1.hubspotusercontent-na1.net/hubfs/19947038/Imported_Blog_Media/08-blog-1-1.jpg]
[radiantthemes-19947038.hs-sites.com/consultix/blog/tag/technology.html]
[radiantthemes-19947038.hs-sites.com/consultix/blog/en/visual-identity-system-is-more-memorable.html]
[19947038.fs1.hubspotusercontent-na1.net/hubfs/19947038/Imported_Blog_Media/06-blog-1-1.jpg]
[radiantthemes-19947038.hs-sites.com/consultix/blog/tag/latest-news.html]
[radiantthemes-19947038.hs-sites.com/consultix/blog/en/get-in-over-your-head-as-often-and-as-joyfully-as-possible.html]
[19947038.fs1.hubspotusercontent-na1.net/hubfs/19947038/Imported_Blog_Media/01-blog-1-2-2.jpg]
[radiantthemes-19947038.hs-sites.com/consultix/blog/tag/guide.html]
[radiantthemes-19947038.hs-sites.com/consultix/blog/en/boost-your-startup-business-with-our-digital-agency.html]
[19947038.fs1.hubspotusercontent-na1.net/hubfs/19947038/Imported_Blog_Media/05-blog-2-3-3.jpg]
[radiantthemes-19947038.hs-sites.com/consultix/blog/tag/revenue.html]
[radiantthemes-19947038.hs-sites.com/consultix/blog/en/tech-conference-with-global-activities.html]
[radiantthemes-19947038.hs-sites.com/consultix/blog/tag/development.html]
[connect.facebook.net/en_GB/all.js]
[radiantthemes-19947038.hs-sites.com/consultix/blog.html]
[platform.twitter.com/widgets.js]
[static.hsappstatic.net/AsyncSupport/static-1.122/sass/comments_listing_asset.css]
[radiantthemes-19947038.hs-sites.com/consultix/blog/en/be-yourself-everyone-else-is-already-taken3d9f.html]
[19947038.fs1.hubspotusercontent-na1.net/hub/19947038/hubfs/author41b67.jpg]
[radiantthemes-19947038.hs-sites.com/consultix/blog/en/5-steps-forming-a-tax-exempt-nonprofit-corporation.html]
[19947038.fs1.hubspotusercontent-na1.net/hub/19947038/hubfs/Imported_Blog_Media/02-blog-1-13fe7.jpg]
[radiantthemes-19947038.hs-sites.com/consultix/blog/en/consultix/templates/partials/footer.html]
[radiantthemes-19947038.hs-sites.com/consultix/blog/en/be-yourself-everyone-else-is-already-taken.html]
[static.hsappstatic.net/AsyncSupport/static-1.122/js/comment_listing_asset.js]
[19947038.fs1.hubspotusercontent-na1.net/hubfs/19947038/raw_assets/public/consultix/images/new-yourk.png]
[19947038.fs1.hubspotusercontent-na1.net/hubfs/19947038/raw_assets/public/consultix/images/icon1-background.png]
[19947038.fs1.hubspotusercontent-na1.net/hubfs/19947038/raw_assets/public/consultix/images/London-Office.png]
[19947038.fs1.hubspotusercontent-na1.net/hubfs/19947038/raw_assets/public/consultix/images/icon2-background.png]
[19947038.fs1.hubspotusercontent-na1.net/hubfs/19947038/raw_assets/public/consultix/images/German.png]
[19947038.fs1.hubspotusercontent-na1.net/hubfs/19947038/raw_assets/public/consultix/images/icon3-background.png]
[radiantthemes-19947038.hs-sites.com/consultix/contact-us.html]
[19947038.fs1.hubspotusercontent-na1.net/hubfs/19947038/raw_assets/public/miva/images/miva-favicon.png]
[cdn2.hubspot.net/hub/19947038/hub_generated/template_assets/48032165211/1623992361719/miva/css/main.min.css]
[cdn2.hubspot.net/hub/19947038/hub_generated/template_assets/48033319769/1623148678163/miva/css/templates/blog.min.css]
[cdn2.hubspot.net/hub/19947038/hub_generated/template_assets/48033378873/1622296294649/miva/css/theme-overrides.min.css]
[cdn2.hubspot.net/hub/19947038/hub_generated/template_assets/48033176965/1622699484114/miva/css/bootstrap.min.css]
[cdn2.hubspot.net/hub/19947038/hub_generated/template_assets/48032211969/1623040174225/miva/css/bsnav.min.css]
[cdn2.hubspot.net/hub/19947038/hub_generated/module_assets/48032209837/1623147453696/module_48032209837_menu-section.min.css]
[radiantthemes-19947038.hs-sites.com/_hcms/googlefonts/Montserrat/regular.woff2]
[radiantthemes-19947038.hs-sites.com/_hcms/googlefonts/Montserrat/regular.woff]
[radiantthemes-19947038.hs-sites.com/miva/blog/en/visual-identity-system-is-more-memorable3d9f.html]
[radiantthemes-19947038.hs-sites.com/miva/blog/rss.xml]
[radiantthemes-19947038.hs-sites.com/miva.html]
[19947038.fs1.hubspotusercontent-na1.net/hub/19947038/hubfs/miva-logo81c1.png]
[radiantthemes-19947038.hs-sites.com/miva/about-us.html]
[radiantthemes-19947038.hs-sites.com/miva/why-choose-us.html]
[radiantthemes-19947038.hs-sites.com/miva/service.html]
[radiantthemes-19947038.hs-sites.com/miva/landing.html]
[radiantthemes-19947038.hs-sites.com/miva/blog.html]
[radiantthemes-19947038.hs-sites.com/miva/contact-us.html]
[19947038.fs1.hubspotusercontent-na1.net/hubfs/19947038/raw_assets/public/miva/images/blog-banner.jpg]
[radiantthemes-19947038.hs-sites.com/miva/blog/author/john-smith.html]
[19947038.fs1.hubspotusercontent-na1.net/hub/19947038/hubfs/john-smithb4de.jpg]
[radiantthemes-19947038.hs-sites.com/miva/blog/tag/latest-news.html]
[19947038.fs1.hubspotusercontent-na1.net/hub/19947038/hubfs/john-smithd44d.jpg]
[radiantthemes-19947038.hs-sites.com/miva/blog/en/5-steps-forming-a-tax-exempt-nonprofit-corporation.html]
[19947038.fs1.hubspotusercontent-na1.net/hub/19947038/hubfs/Imported_Blog_Media/02-blog-1da24.jpg]
[radiantthemes-19947038.hs-sites.com/miva/blog/tag/development.html]
[radiantthemes-19947038.hs-sites.com/miva/blog/tag/technology.html]
[radiantthemes-19947038.hs-sites.com/miva/blog/tag/guide.html]
[radiantthemes-19947038.hs-sites.com/miva/blog/tag/inspiration.html]
[radiantthemes-19947038.hs-sites.com/miva/blog/tag/revenue.html]
[radiantthemes-19947038.hs-sites.com/miva/blog/en/miva/templates/partials/footer.191.delayed]
[19947038.fs1.hubspotusercontent-na1.net/hubfs/19947038/raw_assets/public/miva/images/footer-logo.png]
[cdn2.hubspot.net/hub/19947038/hub_generated/template_assets/48032214161/1622296293957/miva/js/jquery.matchHeight.min.js]
[cdn2.hubspot.net/hub/19947038/hub_generated/template_assets/48033378874/1622296293967/miva/js/bsnav.min.js]
[cdn2.hubspot.net/hub/19947038/hub_generated/template_assets/48032211972/1622567603666/miva/js/main.min.js]
[radiantthemes-19947038.hs-sites.com/miva/blog/en/visual-identity-system-is-more-memorable.html]
[cdn2.hubspot.net/hub/19947038/hub_generated/module_assets/48032209837/1623147453586/module_48032209837_menu-section.min.js]
[19947038.fs1.hubspotusercontent-na1.net/hubfs/19947038/raw_assets/public/softek/images/softek-favicon.png]
[cdn2.hubspot.net/hub/19947038/hub_generated/template_assets/47377355948/1623076468761/softek/css/main.min.css]
[cdn2.hubspot.net/hub/19947038/hub_generated/template_assets/47377608092/1623056387250/softek/css/templates/blog.min.css]
[cdn2.hubspot.net/hub/19947038/hub_generated/template_assets/47378195209/1621581315446/softek/css/theme-overrides.min.css]
[cdn2.hubspot.net/hub/19947038/hub_generated/template_assets/47630538856/1621831983356/softek/css/bootstrap.min.css]
[cdn2.hubspot.net/hub/19947038/hub_generated/template_assets/47793205889/1623040032882/softek/css/bsnav.min.css]
[cdn2.hubspot.net/hub/19947038/hub_generated/module_assets/47377589670/1621864552337/module_47377589670_menu-section.min.css]
[radiantthemes-19947038.hs-sites.com/_hcms/googlefonts/Nunito/regular.woff2]
[radiantthemes-19947038.hs-sites.com/_hcms/googlefonts/Nunito/regular.woff]
[radiantthemes-19947038.hs-sites.com/_hcms/googlefonts/Poppins/500.woff2]
[radiantthemes-19947038.hs-sites.com/_hcms/googlefonts/Poppins/500.woff]
[radiantthemes-19947038.hs-sites.com/rss.xml]
[radiantthemes-19947038.hs-sites.com/softek.html]
[19947038.fs1.hubspotusercontent-na1.net/hub/19947038/hubfs/Logo_Black552a.png]
[radiantthemes-19947038.hs-sites.com/about-us.html]
[radiantthemes-19947038.hs-sites.com/service.html]
[radiantthemes-19947038.hs-sites.com/team.html]
[radiantthemes-19947038.hs-sites.com/landing.html]
[radiantthemes-19947038.hs-sites.com/index.html]
[radiantthemes-19947038.hs-sites.com/en/be-yourself-everyone-else-is-already-taken.html]
[radiantthemes-19947038.hs-sites.com/contact-us.html]
[radiantthemes-19947038.hs-sites.com/hs-search-results028b.html]
[radiantthemes-19947038.hs-sites.com/404.1b6.delayed]
[19947038.fs1.hubspotusercontent-na1.net/hubfs/19947038/raw_assets/public/softek/images/about-banner.jpg]
[radiantthemes-19947038.hs-sites.com/en/visual-identity-system-is-more-memorable.html]
[19947038.fs1.hubspotusercontent-na1.net/hubfs/19947038/Imported_Blog_Media/06-blog.jpg]
[radiantthemes-19947038.hs-sites.com/author/james-smith.html]
[19947038.fs1.hubspotusercontent-na1.net/hub/19947038/hubfs/team-036667.png]
[19947038.fs1.hubspotusercontent-na1.net/hubfs/19947038/Imported_Blog_Media/05-blog-2.jpg]
[radiantthemes-19947038.hs-sites.com/tag/softek/templates/partials/footer.1be.delayed]
[19947712.fs1.hubspotusercontent-na1.net/hubfs/19947712/Footer.png]
[19947712.fs1.hubspotusercontent-na1.net/hubfs/19947712/footer-logo.png]
[cdn2.hubspot.net/hub/19947038/hub_generated/template_assets/47631330821/1621588689830/softek/js/jquery.matchHeight.min.js]
[cdn2.hubspot.net/hub/19947038/hub_generated/template_assets/47793846963/1621845695240/softek/js/bsnav.min.js]
[cdn2.hubspot.net/hub/19947038/hub_generated/template_assets/47377589679/1621851661927/softek/js/main.min.js]
[radiantthemes-19947038.hs-sites.com/tag/latest-news.html]
[cdn2.hubspot.net/hub/19947038/hub_generated/module_assets/47377589670/1621864552247/module_47377589670_menu-section.min.js]
[radiantthemes-19947038.hs-sites.com/author/softek/templates/partials/footer.1c8.delayed]
[radiantthemes-19947038.hs-sites.com/author/john-smith.html]
[radiantthemes-19947038.hs-sites.com/miva/blog/en/boost-your-startup-business-with-our-digital-agency3d9f.html]
[19947038.fs1.hubspotusercontent-na1.net/hubfs/19947038/Imported_Blog_Media/02-blog-1.jpg]
[radiantthemes-19947038.hs-sites.com/miva/blog/en/boost-your-startup-business-with-our-digital-agency.html]
[radiantthemes-19947038.hs-sites.com/en/boost-your-startup-business-with-our-digital-agency.html]
[radiantthemes-19947038.hs-sites.com/tag/revenue.html]
[radiantthemes-19947038.hs-sites.com/miva/blog/en/get-in-over-your-head-as-often-and-as-joyfully-as-possible3d9f.html]
[radiantthemes-19947038.hs-sites.com/miva/blog/en/get-in-over-your-head-as-often-and-as-joyfully-as-possible.html]
[radiantthemes-19947038.hs-sites.com/miva/blog/en/all-about-form-in-great-design-and-development.html]
[radiantthemes-19947038.hs-sites.com/en/get-in-over-your-head-as-often-and-as-joyfully-as-possible.html]
[19947038.fs1.hubspotusercontent-na1.net/hubfs/19947038/Imported_Blog_Media/01-blog-1.jpg]
[radiantthemes-19947038.hs-sites.com/tag/guide.html]
[radiantthemes-19947038.hs-sites.com/miva/blog/en/be-yourself-everyone-else-is-already-taken3d9f.html]
[radiantthemes-19947038.hs-sites.com/miva/blog/en/be-yourself-everyone-else-is-already-taken.html]
[radiantthemes-19947038.hs-sites.com/miva/blog/en/tech-conference-with-global-activities3d9f.html]
[radiantthemes-19947038.hs-sites.com/miva/blog/en/tech-conference-with-global-activities.html]
[radiantthemes-19947038.hs-sites.com/en/tech-conference-with-global-activities.html]
[radiantthemes-19947038.hs-sites.com/en/the-growing-technology-initiate-excellent-profit.html]
[19947038.fs1.hubspotusercontent-na1.net/hubfs/19947038/Imported_Blog_Media/08-blog.jpg]
[radiantthemes-19947038.hs-sites.com/tag/technology.html]
[radiantthemes-19947038.hs-sites.com/miva/blog/en/the-growing-technology-initiate-excellent-profit3d9f.html]
[radiantthemes-19947038.hs-sites.com/miva/blog/en/the-growing-technology-initiate-excellent-profit.html]
[radiantthemes-19947038.hs-sites.com/consultix/templates/partials/footer.html]
[radiantthemes-19947038.hs-sites.com/consultix/consultix/templates/partials/footer.html]
[cdn2.hubspot.net/hub/19947038/hub_generated/module_assets/49042720382/1624024196276/module_49042720382_Faq.min.css]
[static.hsappstatic.net/pictos_images/static-1.29/img/pictos-1-png/16/pictos-set1-21.png]
[cdn2.hubspot.net/hub/19947038/hub_generated/template_assets/49042720396/1652069901947/consultix/css/templates/blog.min.css]
[radiantthemes-19947038.hs-sites.com/consultix/blog/page/1.html]
[19947038.fs1.hubspotusercontent-na1.net/hubfs/19947038/Imported_Blog_Media/02-blog-1-1.jpg]
[radiantthemes-19947038.hs-sites.com/consultix/blog/en/all-about-form-in-great-design-and-development.html]
[radiantthemes-19947038.hs-sites.com/consultix/blog/page/consultix/templates/partials/footer.1db.delayed]
[radiantthemes-19947038.hs-sites.com/consultix/blog/page/2.html]
[radiantthemes-19947038.hs-sites.com/consultix/blog/en/planning-your-online-business-goals-with-a-specialist3d9f.html]
[radiantthemes-19947038.hs-sites.com/consultix/blog/en/planning-your-online-business-goals-with-a-specialist.html]
[cdn2.hubspot.net/hub/-1/hub_generated/module_assets/-2712622/1693213268607/module_-2712622_Site_Search_Input.min.css]
[radiantthemes-19947038.hs-sites.com/consultix/blog/author/david-smith/page/2.html]
[radiantthemes-19947038.hs-sites.com/consultix/blog/author/consultix/templates/partials/footer.html]
[radiantthemes-19947038.hs-sites.com/consultix/blog/author/david-smith.html]
[cdn2.hubspot.net/hub/-1/hub_generated/module_assets/-2712622/1693213267928/module_-2712622_Site_Search_Input.min.js]
[radiantthemes-19947038.hs-sites.com/consultix/blog/tag/consultix/templates/partials/footer.html]
[radiantthemes-19947038.hs-sites.com/consultix/blog/tag/inspiration.html]
[radiantthemes-19947038.hs-sites.com/consultix/blog/en/the-growing-technology-initiate-excellent-profit3d9f.html]
[radiantthemes-19947038.hs-sites.com/consultix/blog/en/the-growing-technology-initiate-excellent-profit.html]
[radiantthemes-19947038.hs-sites.com/consultix/blog/tag/technology.html]
[radiantthemes-19947038.hs-sites.com/consultix/blog/en/visual-identity-system-is-more-memorable3d9f.html]
[radiantthemes-19947038.hs-sites.com/consultix/blog/en/visual-identity-system-is-more-memorable.html]
[radiantthemes-19947038.hs-sites.com/consultix/blog/tag/latest-news.html]
[radiantthemes-19947038.hs-sites.com/consultix/blog/en/get-in-over-your-head-as-often-and-as-joyfully-as-possible3d9f.html]
[radiantthemes-19947038.hs-sites.com/consultix/blog/en/get-in-over-your-head-as-often-and-as-joyfully-as-possible.html]
[radiantthemes-19947038.hs-sites.com/consultix/blog/tag/guide.html]
[radiantthemes-19947038.hs-sites.com/consultix/blog/en/boost-your-startup-business-with-our-digital-agency3d9f.html]
[radiantthemes-19947038.hs-sites.com/consultix/blog/en/boost-your-startup-business-with-our-digital-agency.html]
[radiantthemes-19947038.hs-sites.com/consultix/blog/tag/revenue.html]
[radiantthemes-19947038.hs-sites.com/consultix/blog/en/tech-conference-with-global-activities3d9f.html]
[radiantthemes-19947038.hs-sites.com/consultix/blog/en/tech-conference-with-global-activities.html]
[radiantthemes-19947038.hs-sites.com/consultix/blog/tag/development.html]
[connect.facebook.net/en_GB/all.js]
[static.hsappstatic.net/pictos_images/static-1.40/img/pictos-1-png/16/pictos-set1-21.png]
[static.hsappstatic.net/AsyncSupport/static-1.122/sass/comments_listing_asset.css]
[cdn.ampproject.org/v0/amp-analytics-0.1.js]
[cdn.ampproject.org/v0/amp-youtube-0.1.js]
[cdn.ampproject.org/v0.js]
[track.hubspot.com/__ptq1a87.gif]
[radiantthemes-19947038.hs-sites.com/consultix/blog/en/be-yourself-everyone-else-is-already-taken3d9f.html]
[radiantthemes-19947038.hs-sites.com/consultix/blog/en/5-steps-forming-a-tax-exempt-nonprofit-corporation3d9f.html]
[19947038.fs1.hubspotusercontent-na1.net/hub/19947038/hubfs/Imported_Blog_Media/05-blog-2-3-350e0.jpg]
[radiantthemes-19947038.hs-sites.com/consultix/blog/en/5-steps-forming-a-tax-exempt-nonprofit-corporation.html]
[radiantthemes-19947038.hs-sites.com/consultix/blog/en/consultix/templates/partials/footer.html]
[cdn2.hubspot.net/hub/19947038/hub_generated/template_assets/48032165211/1623992361719/miva/css/main.min.css]
[cdn2.hubspot.net/hub/19947038/hub_generated/template_assets/48033319769/1623148678163/miva/css/templates/blog.min.css]
[cdn2.hubspot.net/hub/19947038/hub_generated/template_assets/48033378873/1622296294649/miva/css/theme-overrides.min.css]
[cdn2.hubspot.net/hub/19947038/hub_generated/template_assets/48033176965/1622699484114/miva/css/bootstrap.min.css]
[cdn2.hubspot.net/hub/19947038/hub_generated/template_assets/48032211969/1623040174225/miva/css/bsnav.min.css]
[cdn2.hubspot.net/hub/19947038/hub_generated/module_assets/48032209837/1623147453696/module_48032209837_menu-section.min.css]
[track.hubspot.com/__ptq491d.gif]
[radiantthemes-19947038.hs-sites.com/miva/blog/en/visual-identity-system-is-more-memorable3d9f.html]
[19947038.fs1.hubspotusercontent-na1.net/hubfs/19947038/raw_assets/public/miva/images/testimonial-bg.jpg]
[19947038.fs1.hubspotusercontent-na1.net/hubfs/19947038/raw_assets/public/miva/images/video-bg.jpg]
[19947038.fs1.hubspotusercontent-na1.net/hubfs/19947038/raw_assets/public/miva/images/banner-image.png]
[radiantthemes-19947038.hs-sites.com/miva/home.1f6c6eb.delayed]
[19947038.fs1.hubspotusercontent-na1.net/hubfs/19947038/raw_assets/public/miva/images/home-two-believe.png]
[19947038.fs1.hubspotusercontent-na1.net/hubfs/19947038/raw_assets/public/miva/images/home-two-science.png]
[19947038.fs1.hubspotusercontent-na1.net/hubfs/19947038/raw_assets/public/miva/images/home-two-trophy.png]
[19947038.fs1.hubspotusercontent-na1.net/hubfs/19947038/raw_assets/public/miva/images/home-two-unity-.png]
[19947038.fs1.hubspotusercontent-na1.net/hubfs/19947038/raw_assets/public/miva/images/image-one-left.png]
[19947038.fs1.hubspotusercontent-na1.net/hubfs/19947038/raw_assets/public/miva/images/boxed-bg.jpg]
[19947038.fs1.hubspotusercontent-na1.net/hubfs/19947038/raw_assets/public/miva/images/box1-1.jpg]
[19947038.fs1.hubspotusercontent-na1.net/hubfs/19947038/raw_assets/public/miva/images/box2-1.jpg]
[19947038.fs1.hubspotusercontent-na1.net/hubfs/19947038/raw_assets/public/miva/images/box3-1.jpg]
[19947038.fs1.hubspotusercontent-na1.net/hubfs/19947038/raw_assets/public/miva/images/box4.jpg]
[19947038.fs1.hubspotusercontent-na1.net/hubfs/19947038/raw_assets/public/miva/images/client3-1.png]
[19947038.fs1.hubspotusercontent-na1.net/hub/19947038/hubfs/raw_assets/public/miva/images/video-iconc02f.png]
[radiantthemes-19947038.hs-sites.com/miva/templates/partials/footer.html]
[radiantthemes-19947038.hs-sites.com/miva.html]
[cdn2.hubspot.net/hub/19947038/hub_generated/module_assets/48032209832/1622296093521/module_48032209832_Counter.min.js]
[cdn2.hubspot.net/hub/19947038/hub_generated/module_assets/1622554991141/module_48032165210_Progress_Bar.css]
[19947038.fs1.hubspotusercontent-na1.net/hubfs/19947038/raw_assets/public/miva/images/about-back.jpg]
[19947038.fs1.hubspotusercontent-na1.net/hubfs/19947038/raw_assets/public/miva/images/about-banner.jpg]
[19947038.fs1.hubspotusercontent-na1.net/hubfs/19947038/raw_assets/public/miva/images/img-exp.png]
[19947038.fs1.hubspotusercontent-na1.net/hubfs/19947038/raw_assets/public/miva/images/about-let.jpg]
[19947038.fs1.hubspotusercontent-na1.net/hubfs/19947038/raw_assets/public/miva/images/stars.png]
[19947038.fs1.hubspotusercontent-na1.net/hubfs/19947038/raw_assets/public/miva/images/about-right.jpg]
[19947038.fs1.hubspotusercontent-na1.net/hubfs/19947038/raw_assets/public/miva/images/client-01.png]
[19947038.fs1.hubspotusercontent-na1.net/hubfs/19947038/raw_assets/public/miva/images/client-02.png]
[19947038.fs1.hubspotusercontent-na1.net/hubfs/19947038/raw_assets/public/miva/images/client-03.png]
[19947038.fs1.hubspotusercontent-na1.net/hubfs/19947038/raw_assets/public/miva/images/client-04.png]
[19947038.fs1.hubspotusercontent-na1.net/hubfs/19947038/raw_assets/public/miva/images/client-05.png]
[radiantthemes-19947038.hs-sites.com/miva/miva/templates/partials/footer.22a.delayed]
[cdn2.hubspot.net/hub/19947038/hub_generated/module_assets/48032165210/1622554991104/module_48032165210_Progress_Bar.min.js]
[radiantthemes-19947038.hs-sites.com/miva/about-us.html]
[cdn2.hubspot.net/hub/19947038/hub_generated/module_assets/48033378860/1622559754184/module_48033378860_Client.min.js]
[19947038.fs1.hubspotusercontent-na1.net/hubfs/19947038/raw_assets/public/miva/images/banner-2.jpg]
[19947038.fs1.hubspotusercontent-na1.net/hubfs/19947038/raw_assets/public/miva/images/Whychoose-Banner.jpg]
[19947038.fs1.hubspotusercontent-na1.net/hubfs/19947038/raw_assets/public/miva/images/img-exp-two.png]
[radiantthemes-19947038.hs-sites.com/miva/why-choose-us.html]
[cdn2.hubspot.net/hub/19947038/hub_generated/module_assets/48217642883/1622625422079/module_48217642883_Recent_Blog_Slider.min.js]
[19947038.fs1.hubspotusercontent-na1.net/hubfs/19947038/raw_assets/public/miva/images/service-back.jpg]
[19947038.fs1.hubspotusercontent-na1.net/hubfs/19947038/raw_assets/public/miva/images/service-best-back.jpg]
[19947038.fs1.hubspotusercontent-na1.net/hubfs/19947038/raw_assets/public/miva/images/servive-banner.jpg]
[19947038.fs1.hubspotusercontent-na1.net/hubfs/19947038/raw_assets/public/miva/images/circle.png]
[19947038.fs1.hubspotusercontent-na1.net/hubfs/19947038/raw_assets/public/miva/images/service-right-image-one.png]
[19947038.fs1.hubspotusercontent-na1.net/hubfs/19947038/raw_assets/public/miva/images/service-1.png]
[19947038.fs1.hubspotusercontent-na1.net/hubfs/19947038/raw_assets/public/miva/images/service-3.png]
[19947038.fs1.hubspotusercontent-na1.net/hubfs/19947038/raw_assets/public/miva/images/service-2.png]
[19947038.fs1.hubspotusercontent-na1.net/hubfs/19947038/raw_assets/public/miva/images/coffee.png]
[19947038.fs1.hubspotusercontent-na1.net/hubfs/19947038/raw_assets/public/miva/images/analytics.png]
[19947038.fs1.hubspotusercontent-na1.net/hubfs/19947038/raw_assets/public/miva/images/idea.png]
[19947038.fs1.hubspotusercontent-na1.net/hubfs/19947038/raw_assets/public/miva/images/testimonial1.png]
[19947038.fs1.hubspotusercontent-na1.net/hubfs/19947038/raw_assets/public/miva/images/testimonial3.png]
[19947038.fs1.hubspotusercontent-na1.net/hubfs/19947038/raw_assets/public/miva/images/testimonial2.png]
[cdn2.hubspot.net/hub/19947038/hub_generated/module_assets/48259314209/1622637309163/module_48259314209_Recent_Blog_Slider_2.min.js]
[radiantthemes-19947038.hs-sites.com/miva/service.html]
[cdn2.hubspot.net/hub/19947038/hub_generated/module_assets/48261277064/1622640013100/module_48261277064_Testomonial_Slider_One.min.js]
[cdn2.hubspot.net/hub/19947038/hub_generated/module_assets/48033378865/1622197372444/module_48033378865_Faq.min.css]
[19947038.fs1.hubspotusercontent-na1.net/hubfs/19947038/raw_assets/public/miva/images/about-two-new-banner.jpg]
[19947038.fs1.hubspotusercontent-na1.net/hubfs/19947038/raw_assets/public/miva/images/landing-miva-banner.jpg]
[19947038.fs1.hubspotusercontent-na1.net/hubfs/19947038/raw_assets/public/miva/images/landing-one-left.png]
[19947038.fs1.hubspotusercontent-na1.net/hubfs/19947038/raw_assets/public/miva/images/service-three-icon-1.png]
[19947038.fs1.hubspotusercontent-na1.net/hubfs/19947038/raw_assets/public/miva/images/about-left.jpg]
[19947038.fs1.hubspotusercontent-na1.net/hubfs/19947038/raw_assets/public/miva/images/team-04.jpg]
[19947038.fs1.hubspotusercontent-na1.net/hubfs/19947038/raw_assets/public/miva/images/team-03.jpg]
[19947038.fs1.hubspotusercontent-na1.net/hubfs/19947038/raw_assets/public/miva/images/team-02.jpg]
[19947038.fs1.hubspotusercontent-na1.net/hubfs/19947038/raw_assets/public/miva/images/team-01.jpg]
[cdn2.hubspot.net/hub/19947038/hub_generated/module_assets/48033378865/1622197372384/module_48033378865_Faq.min.js]
[radiantthemes-19947038.hs-sites.com/miva/landing.html]
[cdn2.hubspot.net/hub/19947038/hub_generated/module_assets/48033041255/1622197523959/module_48033041255_Team.min.js]
[radiantthemes-19947038.hs-sites.com/miva/blog/page/2.html]
[radiantthemes-19947038.hs-sites.com/miva/blog.html]
[19947038.fs1.hubspotusercontent-na1.net/hubfs/19947038/raw_assets/public/miva/images/contact-banner.jpg]
[19947038.fs1.hubspotusercontent-na1.net/hubfs/19947038/raw_assets/public/miva/images/contact-tel.png]
[19947038.fs1.hubspotusercontent-na1.net/hubfs/19947038/raw_assets/public/miva/images/globe.png]
[radiantthemes-19947038.hs-sites.com/miva/contact-us.html]
[radiantthemes-19947038.hs-sites.com/miva/blog/author/john-smith/page/2.html]
[radiantthemes-19947038.hs-sites.com/miva/blog/author/miva/templates/partials/footer.html]
[radiantthemes-19947038.hs-sites.com/miva/blog/author/john-smith.html]
[radiantthemes-19947038.hs-sites.com/miva/blog/tag/miva/templates/partials/footer.html]
[radiantthemes-19947038.hs-sites.com/miva/blog/tag/latest-news.html]
[radiantthemes-19947038.hs-sites.com/miva/blog/en/5-steps-forming-a-tax-exempt-nonprofit-corporation3d9f.html]
[radiantthemes-19947038.hs-sites.com/miva/blog/en/planning-your-online-business-goals-with-a-specialist.html]
[19947038.fs1.hubspotusercontent-na1.net/hub/19947038/hubfs/Imported_Blog_Media/03-blog-199c6.jpg]
[radiantthemes-19947038.hs-sites.com/miva/blog/en/5-steps-forming-a-tax-exempt-nonprofit-corporation.html]
[radiantthemes-19947038.hs-sites.com/miva/blog/tag/development.html]
[radiantthemes-19947038.hs-sites.com/miva/blog/tag/technology.html]
[radiantthemes-19947038.hs-sites.com/miva/blog/tag/guide.html]
[19947038.fs1.hubspotusercontent-na1.net/hubfs/19947038/Imported_Blog_Media/03-blog-1.jpg]
[radiantthemes-19947038.hs-sites.com/miva/blog/tag/inspiration.html]
[radiantthemes-19947038.hs-sites.com/miva/blog/tag/revenue.html]
[radiantthemes-19947038.hs-sites.com/miva/blog/en/miva/templates/partials/footer.html]
[cdn2.hubspot.net/hub/19947038/hub_generated/template_assets/47377355948/1623076468761/softek/css/main.min.css]
[cdn2.hubspot.net/hub/19947038/hub_generated/template_assets/47377608092/1623056387250/softek/css/templates/blog.min.css]
[cdn2.hubspot.net/hub/19947038/hub_generated/template_assets/47378195209/1621581315446/softek/css/theme-overrides.min.css]
[cdn2.hubspot.net/hub/19947038/hub_generated/template_assets/47630538856/1621831983356/softek/css/bootstrap.min.css]
[cdn2.hubspot.net/hub/19947038/hub_generated/template_assets/47793205889/1623040032882/softek/css/bsnav.min.css]
[cdn2.hubspot.net/hub/19947038/hub_generated/module_assets/47377589670/1621864552337/module_47377589670_menu-section.min.css]
[19947038.fs1.hubspotusercontent-na1.net/hubfs/19947038/raw_assets/public/softek/images/banner-one.png]
[19947038.fs1.hubspotusercontent-na1.net/hubfs/19947038/raw_assets/public/softek/images/banner-two.png]
[19947038.fs1.hubspotusercontent-na1.net/hubfs/19947038/raw_assets/public/softek/images/counter-bg.png]
[19947038.fs1.hubspotusercontent-na1.net/hubfs/19947038/raw_assets/public/softek/images/Img_13.png]
[19947038.fs1.hubspotusercontent-na1.net/hubfs/19947038/raw_assets/public/softek/images/banner-five.png]
[19947038.fs1.hubspotusercontent-na1.net/hubfs/19947038/raw_assets/public/softek/images/banner-four.png]
[19947038.fs1.hubspotusercontent-na1.net/hubfs/19947038/raw_assets/public/softek/images/Big-image.png]
[19947038.fs1.hubspotusercontent-na1.net/hubfs/19947038/raw_assets/public/softek/images/banner-three.png]
[19947038.fs1.hubspotusercontent-na1.net/hubfs/19947038/raw_assets/public/softek/images/banner-six.png]
[19947038.fs1.hubspotusercontent-na1.net/hubfs/19947038/raw_assets/public/softek/images/Ser06.png]
[19947038.fs1.hubspotusercontent-na1.net/hubfs/19947038/raw_assets/public/softek/images/Ser07.png]
[19947038.fs1.hubspotusercontent-na1.net/hubfs/19947038/raw_assets/public/softek/images/Ser08.png]
[19947038.fs1.hubspotusercontent-na1.net/hubfs/19947038/raw_assets/public/softek/images/Img01.png]
[radiantthemes-19947038.hs-sites.com/softek/templates/partials/footer.html]
[radiantthemes-19947038.hs-sites.com/softek.html]
[cdn2.hubspot.net/hub/19947038/hub_generated/module_assets/47377608083/1621941679271/module_47377608083_Counter.min.js]
[cdn2.hubspot.net/hub/19947038/hub_generated/module_assets/47377589663/1621523145407/module_47377589663_Faq.min.css]
[19947038.fs1.hubspotusercontent-na1.net/hubfs/19947038/raw_assets/public/softek/images/banner-seven.png]
[19947038.fs1.hubspotusercontent-na1.net/hubfs/19947038/raw_assets/public/softek/images/Vector01.png]
[19947038.fs1.hubspotusercontent-na1.net/hubfs/19947038/raw_assets/public/softek/images/tick.png]
[19947038.fs1.hubspotusercontent-na1.net/hubfs/19947038/raw_assets/public/softek/images/circle.png]
[19947038.fs1.hubspotusercontent-na1.net/hubfs/19947038/raw_assets/public/softek/images/about-img-two.png]
[19947038.fs1.hubspotusercontent-na1.net/hubfs/19947038/raw_assets/public/softek/images/member-one.jpg]
[19947038.fs1.hubspotusercontent-na1.net/hubfs/19947038/raw_assets/public/softek/images/member-two.jpg]
[19947038.fs1.hubspotusercontent-na1.net/hubfs/19947038/raw_assets/public/softek/images/member-three.jpg]
[19947038.fs1.hubspotusercontent-na1.net/hubfs/19947038/raw_assets/public/softek/images/member-four.jpg]
[19947038.fs1.hubspotusercontent-na1.net/hubfs/19947038/raw_assets/public/softek/images/banner-eight.png]
[cdn2.hubspot.net/hub/19947038/hub_generated/module_assets/47376349217/1621656757505/module_47376349217_Team.min.js]
[radiantthemes-19947038.hs-sites.com/about-us.html]
[cdn2.hubspot.net/hub/19947038/hub_generated/module_assets/47377589663/1621523145350/module_47377589663_Faq.min.js]
[cdn2.hubspot.net/hub/19947038/hub_generated/module_assets/1621523146984/module_47568927054_Progress_Bar.css]
[19947038.fs1.hubspotusercontent-na1.net/hubfs/19947038/raw_assets/public/softek/images/shape01.png]
[19947038.fs1.hubspotusercontent-na1.net/hubfs/19947038/raw_assets/public/softek/images/banner-nine.png]
[19947038.fs1.hubspotusercontent-na1.net/hubfs/19947038/raw_assets/public/softek/images/vec01.png]
[19947038.fs1.hubspotusercontent-na1.net/hubfs/19947038/raw_assets/public/softek/images/icon01.png]
[19947038.fs1.hubspotusercontent-na1.net/hubfs/19947038/raw_assets/public/softek/images/vec02.png]
[19947038.fs1.hubspotusercontent-na1.net/hubfs/19947038/raw_assets/public/softek/images/Content-Strategy1.png]
[19947038.fs1.hubspotusercontent-na1.net/hubfs/19947038/raw_assets/public/softek/images/Visual-Interface1.png]
[19947038.fs1.hubspotusercontent-na1.net/hubfs/19947038/raw_assets/public/softek/images/Creative-Minds.png]
[19947038.fs1.hubspotusercontent-na1.net/hubfs/19947038/raw_assets/public/softek/images/Engineering-Services.png]
[19947038.fs1.hubspotusercontent-na1.net/hubfs/19947038/raw_assets/public/softek/images/vec03.png]
[radiantthemes-19947038.hs-sites.com/service.html]
[cdn2.hubspot.net/hub/19947038/hub_generated/module_assets/47568927054/1621523146948/module_47568927054_Progress_Bar.min.js]
[19947038.fs1.hubspotusercontent-na1.net/hubfs/19947038/raw_assets/public/softek/images/Img_09.png]
[19947038.fs1.hubspotusercontent-na1.net/hubfs/19947038/raw_assets/public/softek/images/Team07.png]
[19947038.fs1.hubspotusercontent-na1.net/hubfs/19947038/raw_assets/public/softek/images/logo01.png]
[19947038.fs1.hubspotusercontent-na1.net/hubfs/19947038/raw_assets/public/softek/images/logo01_black.png]
[19947038.fs1.hubspotusercontent-na1.net/hubfs/19947038/raw_assets/public/softek/images/logo02.png]
[19947038.fs1.hubspotusercontent-na1.net/hubfs/19947038/raw_assets/public/softek/images/logo02_Black.png]
[19947038.fs1.hubspotusercontent-na1.net/hubfs/19947038/raw_assets/public/softek/images/logo03.png]
[19947038.fs1.hubspotusercontent-na1.net/hubfs/19947038/raw_assets/public/softek/images/logo03_Black.png]
[19947038.fs1.hubspotusercontent-na1.net/hubfs/19947038/raw_assets/public/softek/images/logo04.png]
[19947038.fs1.hubspotusercontent-na1.net/hubfs/19947038/raw_assets/public/softek/images/logo04_Black.png]
[19947038.fs1.hubspotusercontent-na1.net/hubfs/19947038/raw_assets/public/softek/images/logo05.png]
[19947038.fs1.hubspotusercontent-na1.net/hubfs/19947038/raw_assets/public/softek/images/logo05_Black.png]
[radiantthemes-19947038.hs-sites.com/team.html]
[cdn2.hubspot.net/hub/19947038/hub_generated/module_assets/47378195116/1621838699644/module_47378195116_Client.min.js]
[19947038.fs1.hubspotusercontent-na1.net/hubfs/19947038/raw_assets/public/softek/images/Img09.png]
[19947038.fs1.hubspotusercontent-na1.net/hubfs/19947038/raw_assets/public/softek/images/counter-bg-img.jpg]
[19947038.fs1.hubspotusercontent-na1.net/hubfs/19947038/raw_assets/public/softek/images/Img11.png]
[19947038.fs1.hubspotusercontent-na1.net/hubfs/19947038/raw_assets/public/softek/images/Img17.png]
[radiantthemes-19947038.hs-sites.com/landing.html]
[radiantthemes-19947038.hs-sites.com/page/2.html]
[radiantthemes-19947038.hs-sites.com/en/planning-your-online-business-goals-with-a-specialist.html]
[19947038.fs1.hubspotusercontent-na1.net/hubfs/19947038/Imported_Blog_Media/03-blog.jpg]
[radiantthemes-19947038.hs-sites.com/tag/inspiration.html]
[radiantthemes-19947038.hs-sites.com/index.html]
[radiantthemes-19947038.hs-sites.com/en/be-yourself-everyone-else-is-already-taken3d9f.html]
[19947038.fs1.hubspotusercontent-na1.net/hub/19947038/hubfs/team-036c5b.png]
[radiantthemes-19947038.hs-sites.com/en/all-about-form-in-great-design-and-development.html]
[19947038.fs1.hubspotusercontent-na1.net/hub/19947038/hubfs/Imported_Blog_Media/05-blog-2be82.jpg]
[radiantthemes-19947038.hs-sites.com/en/5-steps-forming-a-tax-exempt-nonprofit-corporation.html]
[19947038.fs1.hubspotusercontent-na1.net/hubfs/19947038/Imported_Blog_Media/02-blog.jpg]
[radiantthemes-19947038.hs-sites.com/tag/development.html]
[radiantthemes-19947038.hs-sites.com/en/softek/templates/partials/footer.html]
[radiantthemes-19947038.hs-sites.com/en/be-yourself-everyone-else-is-already-taken.html]
[19947038.fs1.hubspotusercontent-na1.net/hubfs/19947038/raw_assets/public/softek/images/Contact-us.png]
[radiantthemes-19947038.hs-sites.com/contact-us.html]
[19947038.fs1.hubspotusercontent-na1.net/hubfs/19947038/fav.png]
[cdn2.hubspot.net/hub/19947038/hub_generated/template_assets/87153553259/1675918849122/koach/css/main.css]
[cdn2.hubspot.net/hub/19947038/hub_generated/template_assets/87153573712/1668665980571/koach/css/generic/animate.min.css]
[cdn2.hubspot.net/hub/19947038/hub_generated/template_assets/87153756237/1668665971380/koach/css/bootstrap.min.css]
[cdn2.hubspot.net/hub/19947038/hub_generated/template_assets/87142728745/1668665977691/koach/css/generic/youtube-overlay.min.css]
[cdn2.hubspot.net/hub/19947038/hub_generated/template_assets/87153578324/1668665975132/koach/css/bsnav.min.css]
[cdn2.hubspot.net/hub/19947038/hub_generated/template_assets/87153655679/1669027459154/koach/css/theme-overrides.min.css]
[cdn2.hubspot.net/hub/19947038/hub_generated/module_assets/87301964544/1668668201870/module_87301964544_Header_Social_Icon_Box.min.css]
[cdn2.hubspot.net/hub/19947038/hub_generated/module_assets/87154660763/1668682421405/module_87154660763_menu-section.min.css]
[cdn2.hubspot.net/hub/19947038/hub_generated/module_assets/87154660761/1668688843311/module_87154660761_Contact_Box.min.css]
[cdn2.hubspot.net/hub/19947038/hub_generated/module_assets/87153903461/1668676407679/module_87153903461_search_results_rt.min.css]
[cdn2.hubspot.net/hub/19947038/hub_generated/module_assets/1669011218653/module_87153447548_Icon_Box_Icon_Top_Left.css]
[radiantthemes-19947038.hs-sites.com/_hcms/googlefonts/DM_Sans/regular.woff2]
[radiantthemes-19947038.hs-sites.com/_hcms/googlefonts/DM_Sans/regular.woff]
[radiantthemes-19947038.hs-sites.com/_hcms/googlefonts/Cormorant_Infant/regular.woff2]
[radiantthemes-19947038.hs-sites.com/_hcms/googlefonts/Cormorant_Infant/regular.woff]
[radiantthemes-19947038.hs-sites.com/radiant-search-results.html]
[radiantthemes-19947038.hs-sites.com/koach.html]
[19947038.fs1.hubspotusercontent-na1.net/hubfs/19947038/koach-1x.png]
[radiantthemes-19947038.hs-sites.com/koach/home-two.html]
[radiantthemes-19947038.hs-sites.com/koach/webinar-landing.html]
[radiantthemes-19947038.hs-sites.com/koach/demo-landing.html]
[radiantthemes-19947038.hs-sites.com/koach/email-marketing-ebook.html]
[radiantthemes-19947038.hs-sites.com/koach/about-us.html]
[radiantthemes-19947038.hs-sites.com/koach/service.html]
[radiantthemes-19947038.hs-sites.com/koach/service-details.html]
[radiantthemes-19947038.hs-sites.com/koach/faq.html]
[radiantthemes-19947038.hs-sites.com/koach/testimonial.html]
[radiantthemes-19947038.hs-sites.com/koach/pricing.html]
[radiantthemes-19947038.hs-sites.com/koach/team.html]
[radiantthemes-19947038.hs-sites.com/koach/contact-us.html]
[radiantthemes-19947038.hs-sites.com/koach/blog.html]
[radiantthemes-19947038.hs-sites.com/koach/blog/marketing-strategy-to-get-clients.html]
[radiantthemes-19947038.hs-sites.com/radiant-search-results0cce.html]
[radiantthemes-19947038.hs-sites.com/contact]
[radiantthemes-19947038.hs-sites.com/hs-search-resultsc6eb.html]
[cdn2.hubspot.net/hub/19947038/hub_generated/template_assets/87153578772/1668665977139/koach/js/jquery.matchHeight.min.js]
[cdn2.hubspot.net/hub/19947038/hub_generated/template_assets/87153578070/1668665975949/koach/js/bsnav.min.js]
[cdn2.hubspot.net/hub/19947038/hub_generated/template_assets/87153573718/1668665975545/koach/js/youtube-overlay.min.js]
[cdn2.hubspot.net/hub/19947038/hub_generated/template_assets/87153578327/1668665976564/koach/js/main.min.js]
[cdn2.hubspot.net/hub/19947038/hub_generated/module_assets/87154660763/1668682420670/module_87154660763_menu-section.min.js]
[cdn2.hubspot.net/hub/19947038/hub_generated/template_assets/87153431476/1668665977555/koach/js/template.min.js]
[cdn2.hubspot.net/hub/19947038/hub_generated/template_assets/87153578072/1668665975580/koach/js/url-search-params.min.js]
[radiantthemes-19947038.hs-sites.com/hs-search-results028b.html]
[radiantthemes-19947038.hs-sites.com/404.html]
[cdn2.hubspot.net/hub/19947038/hub_generated/module_assets/87153903461/1668676406925/module_87153903461_search_results_rt.min.js]
[radiantthemes-19947038.hs-sites.com/en/visual-identity-system-is-more-memorable3d9f.html]
[radiantthemes-19947038.hs-sites.com/en/visual-identity-system-is-more-memorable.html]
[radiantthemes-19947038.hs-sites.com/author/james-smith/page/2.html]
[radiantthemes-19947038.hs-sites.com/author/james-smith.html]
[radiantthemes-19947038.hs-sites.com/tag/softek/templates/partials/footer.html]
[radiantthemes-19947038.hs-sites.com/author/softek/templates/partials/footer.html]
[track.hubspot.com/__ptqef5d.gif]
[radiantthemes-19947038.hs-sites.com/miva/blog/en/boost-your-startup-business-with-our-digital-agency3d9f.html]
[radiantthemes-19947038.hs-sites.com/en/boost-your-startup-business-with-our-digital-agency3d9f.html]
[radiantthemes-19947038.hs-sites.com/en/boost-your-startup-business-with-our-digital-agency.html]
[track.hubspot.com/__ptq461a.gif]
[radiantthemes-19947038.hs-sites.com/miva/blog/en/get-in-over-your-head-as-often-and-as-joyfully-as-possible3d9f.html]
[radiantthemes-19947038.hs-sites.com/miva/blog/en/all-about-form-in-great-design-and-development3d9f.html]
[radiantthemes-19947038.hs-sites.com/miva/blog/en/all-about-form-in-great-design-and-development.html]
[radiantthemes-19947038.hs-sites.com/en/get-in-over-your-head-as-often-and-as-joyfully-as-possible3d9f.html]
[radiantthemes-19947038.hs-sites.com/en/get-in-over-your-head-as-often-and-as-joyfully-as-possible.html]
[track.hubspot.com/__ptqef8c.gif]
[radiantthemes-19947038.hs-sites.com/miva/blog/en/be-yourself-everyone-else-is-already-taken3d9f.html]
[track.hubspot.com/__ptqb55b.gif]
[radiantthemes-19947038.hs-sites.com/miva/blog/en/tech-conference-with-global-activities3d9f.html]
[radiantthemes-19947038.hs-sites.com/en/tech-conference-with-global-activities3d9f.html]
[radiantthemes-19947038.hs-sites.com/en/tech-conference-with-global-activities.html]
[radiantthemes-19947038.hs-sites.com/en/the-growing-technology-initiate-excellent-profit.html]
[radiantthemes-19947038.hs-sites.com/en/the-growing-technology-initiate-excellent-profit3d9f.html]
[track.hubspot.com/__ptq1a53.gif]
[radiantthemes-19947038.hs-sites.com/miva/blog/en/the-growing-technology-initiate-excellent-profit3d9f.html]
[radiantthemes-19947038.hs-sites.com/consultix/blog/page/1.html]
[radiantthemes-19947038.hs-sites.com/consultix/blog/en/all-about-form-in-great-design-and-development3d9f.html]
[radiantthemes-19947038.hs-sites.com/consultix/blog/en/all-about-form-in-great-design-and-development.html]
[radiantthemes-19947038.hs-sites.com/consultix/blog/page/consultix/templates/partials/footer.html]
[track.hubspot.com/__ptq81a2.gif]
[radiantthemes-19947038.hs-sites.com/consultix/blog/en/planning-your-online-business-goals-with-a-specialist3d9f.html]
[cdn2.hubspot.net/hub/-1/hub_generated/module_assets/-2712622/1693213268607/module_-2712622_Site_Search_Input.min.css]
[radiantthemes-19947038.hs-sites.com/consultix/blog/author/david-smith/page/1.html]
[radiantthemes-19947038.hs-sites.com/consultix/blog/author/david-smith/page/consultix/templates/partials/footer.34b.delayed]
[radiantthemes-19947038.hs-sites.com/consultix/blog/author/david-smith/page/2.html]
[radiantthemes-19947038.hs-sites.com/consultix/blog/author/consultix/templates/partials/footer.html]
[radiantthemes-19947038.hs-sites.com/consultix/blog/tag/consultix/templates/partials/footer.html]
[track.hubspot.com/__ptq6eca.gif]
[radiantthemes-19947038.hs-sites.com/consultix/blog/en/the-growing-technology-initiate-excellent-profit3d9f.html]
[track.hubspot.com/__ptq1429.gif]
[radiantthemes-19947038.hs-sites.com/consultix/blog/en/visual-identity-system-is-more-memorable3d9f.html]
[track.hubspot.com/__ptqed5e.gif]
[radiantthemes-19947038.hs-sites.com/consultix/blog/en/get-in-over-your-head-as-often-and-as-joyfully-as-possible3d9f.html]
[track.hubspot.com/__ptq9ce6.gif]
[radiantthemes-19947038.hs-sites.com/consultix/blog/en/boost-your-startup-business-with-our-digital-agency3d9f.html]
[track.hubspot.com/__ptq3cd5.gif]
[radiantthemes-19947038.hs-sites.com/consultix/blog/en/tech-conference-with-global-activities3d9f.html]
[track.hubspot.com/__ptqcd32.gif]
[radiantthemes-19947038.hs-sites.com/consultix/blog/en/5-steps-forming-a-tax-exempt-nonprofit-corporation3d9f.html]
[radiantthemes-19947038.hs-sites.com/miva/homec6eb.html]
[radiantthemes-19947038.hs-sites.com/miva/templates/partials/footer.html]
[cdn2.hubspot.net/hub/19947038/hub_generated/module_assets/1622554991141/module_48032165210_Progress_Bar.css]
[radiantthemes-19947038.hs-sites.com/miva/miva/templates/partials/footer.html]
[cdn2.hubspot.net/hub/19947038/hub_generated/module_assets/48217642883/1622625422200/module_48217642883_Recent_Blog_Slider.min.css]
[cdn2.hubspot.net/hub/19947038/hub_generated/module_assets/48259314209/1622637309247/module_48259314209_Recent_Blog_Slider_2.min.css]
[cdn2.hubspot.net/hub/19947038/hub_generated/module_assets/48033378865/1622197372444/module_48033378865_Faq.min.css]
[radiantthemes-19947038.hs-sites.com/miva/indexc6eb.html]
[radiantthemes-19947038.hs-sites.com/miva/blog/page/1.html]
[radiantthemes-19947038.hs-sites.com/miva/blog/page/miva/templates/partials/footer.353.delayed]
[radiantthemes-19947038.hs-sites.com/miva/blog/page/2.html]
[radiantthemes-19947038.hs-sites.com/miva/blog/author/john-smith/page/1.html]
[radiantthemes-19947038.hs-sites.com/miva/blog/author/john-smith/page/miva/templates/partials/footer.html]
[radiantthemes-19947038.hs-sites.com/miva/blog/author/john-smith/page/2.html]
[radiantthemes-19947038.hs-sites.com/miva/blog/author/miva/templates/partials/footer.html]
[radiantthemes-19947038.hs-sites.com/miva/blog/tag/miva/templates/partials/footer.html]
[track.hubspot.com/__ptq481c.gif]
[radiantthemes-19947038.hs-sites.com/miva/blog/en/5-steps-forming-a-tax-exempt-nonprofit-corporation3d9f.html]
[radiantthemes-19947038.hs-sites.com/miva/blog/en/planning-your-online-business-goals-with-a-specialist3d9f.html]
[radiantthemes-19947038.hs-sites.com/miva/blog/en/planning-your-online-business-goals-with-a-specialist.html]
[radiantthemes-19947038.hs-sites.com/softek/templates/partials/footer.html]
[cdn2.hubspot.net/hub/19947038/hub_generated/module_assets/47377589663/1621523145407/module_47377589663_Faq.min.css]
[cdn2.hubspot.net/hub/19947038/hub_generated/module_assets/1621523146984/module_47568927054_Progress_Bar.css]
[radiantthemes-19947038.hs-sites.com/page/1.html]
[radiantthemes-19947038.hs-sites.com/page/softek/templates/partials/footer.html]
[radiantthemes-19947038.hs-sites.com/page/2.html]
[radiantthemes-19947038.hs-sites.com/en/planning-your-online-business-goals-with-a-specialist3d9f.html]
[radiantthemes-19947038.hs-sites.com/en/planning-your-online-business-goals-with-a-specialist.html]
[radiantthemes-19947038.hs-sites.com/tag/inspiration.html]
[track.hubspot.com/__ptqbfdf.gif]
[radiantthemes-19947038.hs-sites.com/en/be-yourself-everyone-else-is-already-taken3d9f.html]
[radiantthemes-19947038.hs-sites.com/en/all-about-form-in-great-design-and-development3d9f.html]
[19947038.fs1.hubspotusercontent-na1.net/hub/19947038/hubfs/Imported_Blog_Media/08-blog4984.jpg]
[radiantthemes-19947038.hs-sites.com/en/all-about-form-in-great-design-and-development.html]
[radiantthemes-19947038.hs-sites.com/en/5-steps-forming-a-tax-exempt-nonprofit-corporation3d9f.html]
[radiantthemes-19947038.hs-sites.com/en/5-steps-forming-a-tax-exempt-nonprofit-corporation.html]
[radiantthemes-19947038.hs-sites.com/tag/development.html]
[radiantthemes-19947038.hs-sites.com/en/softek/templates/partials/footer.html]
[cdn2.hubspot.net/hub/19947038/hub_generated/template_assets/87153553259/1675918849122/koach/css/main.css]
[cdn2.hubspot.net/hub/19947038/hub_generated/template_assets/87153756237/1668665971380/koach/css/bootstrap.min.css]
[cdn2.hubspot.net/hub/19947038/hub_generated/template_assets/87153573712/1668665980571/koach/css/generic/animate.min.css]
[cdn2.hubspot.net/hub/19947038/hub_generated/template_assets/87142728745/1668665977691/koach/css/generic/youtube-overlay.min.css]
[cdn2.hubspot.net/hub/19947038/hub_generated/template_assets/87153578324/1668665975132/koach/css/bsnav.min.css]
[cdn2.hubspot.net/hub/19947038/hub_generated/template_assets/87153655679/1669027459154/koach/css/theme-overrides.min.css]
[cdn2.hubspot.net/hub/19947038/hub_generated/module_assets/87301964544/1668668201870/module_87301964544_Header_Social_Icon_Box.min.css]
[cdn2.hubspot.net/hub/19947038/hub_generated/module_assets/87154660763/1668682421405/module_87154660763_menu-section.min.css]
[cdn2.hubspot.net/hub/19947038/hub_generated/module_assets/87154660761/1668688843311/module_87154660761_Contact_Box.min.css]
[cdn2.hubspot.net/hub/19947038/hub_generated/module_assets/87153903461/1668676407679/module_87153903461_search_results_rt.min.css]
[cdn2.hubspot.net/hub/19947038/hub_generated/module_assets/1669011218653/module_87153447548_Icon_Box_Icon_Top_Left.css]
[radiantthemes-19947038.hs-sites.com/radiant-search-resultsc6eb.html]
[radiantthemes-19947038.hs-sites.com/radiant-search-results.html]
[cdn2.hubspot.net/hub/19947038/hub_generated/module_assets/1668669330410/module_87153448361_Icon_Box_Icon_Top_Center.css]
[cdn2.hubspot.net/hub/19947038/hub_generated/module_assets/1668678137709/module_87153433874_Counter.css]
[cdn2.hubspot.net/hub/19947038/hub_generated/module_assets/1668677777675/module_87153431477_Counter_with_Icon.css]
[cdn2.hubspot.net/hub/19947038/hub_generated/module_assets/87153447179/1668674443561/module_87153447179_Image_And_Title_Box_With_Button.min.css]
[19947038.fs1.hubspotusercontent-na1.net/hubfs/19947038/raw_assets/public/koach/images/hm2-banner-img4.jpg]
[19947038.fs1.hubspotusercontent-na1.net/hubfs/19947038/raw_assets/public/koach/images/koach-cntr-bg-img4.png]
[19947038.fs1.hubspotusercontent-na1.net/hubfs/19947038/raw_assets/public/koach/images/demo1-counter-bg.png]
[19947038.fs1.hubspotusercontent-na1.net/hubfs/19947038/raw_assets/public/koach/images/hm-image-sec-bg.png]
[19947038.fs1.hubspotusercontent-na1.net/hubfs/19947038/raw_assets/public/koach/images/demo1-cta-bg.png]
[19947038.fs1.hubspotusercontent-na1.net/hubfs/19947038/raw_assets/public/koach/images/koach-icon-box-03.png]
[19947038.fs1.hubspotusercontent-na1.net/hubfs/19947038/raw_assets/public/koach/images/home-one-midle-hover-bg.png]
[19947038.fs1.hubspotusercontent-na1.net/hubfs/19947038/raw_assets/public/koach/images/koach-icon-box-01.png]
[19947038.fs1.hubspotusercontent-na1.net/hubfs/19947038/raw_assets/public/koach/images/demo1-left-col2.jpg]
[19947038.fs1.hubspotusercontent-na1.net/hubfs/19947038/raw_assets/public/koach/images/demo1-box1-01.jpg]
[19947038.fs1.hubspotusercontent-na1.net/hubfs/19947038/raw_assets/public/koach/images/demo1-box1-02.jpg]
[19947038.fs1.hubspotusercontent-na1.net/hubfs/19947038/raw_assets/public/koach/images/demo1-box1-03.jpg]
[19947038.fs1.hubspotusercontent-na1.net/hubfs/19947038/raw_assets/public/koach/images/demo1-left-img1-2x.jpg]
[radiantthemes-19947038.hs-sites.com/koach/templates/partials/footer.381.delayed]
[cdn2.hubspot.net/hub/19947038/hub_generated/module_assets/87153433874/1668678137652/module_87153433874_Counter.min.js]
[radiantthemes-19947038.hs-sites.com/koach.html]
[cdn2.hubspot.net/hub/19947038/hub_generated/module_assets/87153431477/1668677777638/module_87153431477_Counter_with_Icon.min.js]
[cdn2.hubspot.net/hub/19947038/hub_generated/module_assets/1668676146626/module_87153957264_Progress_Bar.css]
[cdn2.hubspot.net/hub/19947038/hub_generated/module_assets/88106956600/1668668881230/module_88106956600_Hover_Image_Box_With_Button.min.css]
[cdn2.hubspot.net/hub/19947038/hub_generated/module_assets/87153448359/1668678319818/module_87153448359_Client.min.css]
[19947038.fs1.hubspotusercontent-na1.net/hubfs/19947038/raw_assets/public/koach/images/hm2-banner-img2.jpg]
[19947038.fs1.hubspotusercontent-na1.net/hubfs/19947038/raw_assets/public/koach/images/hm2-dark-bg.png]
[19947038.fs1.hubspotusercontent-na1.net/hubfs/19947038/raw_assets/public/koach/images/demo-01-full-sec-bg1.png]
[19947038.fs1.hubspotusercontent-na1.net/hubfs/19947038/raw_assets/public/koach/images/demo-01-full-sec-bg.png]
[19947038.fs1.hubspotusercontent-na1.net/hubfs/19947038/raw_assets/public/koach/images/demo-02-hover-sec-bg.png]
[19947038.fs1.hubspotusercontent-na1.net/hubfs/19947038/raw_assets/public/koach/images/demo-02-shadow-bx-bg1.png]
[19947038.fs1.hubspotusercontent-na1.net/hubfs/19947038/raw_assets/public/koach/images/about-left-2x.jpg]
[19947038.fs1.hubspotusercontent-na1.net/hubfs/19947038/raw_assets/public/koach/images/demo-02-shadow-bx-img-2x.jpg]
[19947038.fs1.hubspotusercontent-na1.net/hubfs/19947038/raw_assets/public/koach/images/demo-01-3-box-img.png]
[19947038.fs1.hubspotusercontent-na1.net/hubfs/19947038/raw_assets/public/koach/images/demo-01-3-box-img-02.png]
[19947038.fs1.hubspotusercontent-na1.net/hubfs/19947038/raw_assets/public/koach/images/demo-01-3-box-img-03.png]
[19947038.fs1.hubspotusercontent-na1.net/hubfs/19947038/raw_assets/public/koach/images/demo1-3rd-img1-2x.jpg]
[19947038.fs1.hubspotusercontent-na1.net/hubfs/19947038/raw_assets/public/koach/images/demo2-box1-02.png]
[19947038.fs1.hubspotusercontent-na1.net/hubfs/19947038/raw_assets/public/koach/images/demo2-box1-01.png]
[cdn2.hubspot.net/hub/19947038/hub_generated/module_assets/87153957264/1668676146594/module_87153957264_Progress_Bar.min.js]
[radiantthemes-19947038.hs-sites.com/koach/home-two.html]
[cdn2.hubspot.net/hub/19947038/hub_generated/module_assets/87153448359/1668678319181/module_87153448359_Client.min.js]
[cdn2.hubspot.net/hub/19947038/hub_generated/module_assets/91167135295/1668677234808/module_91167135295_Team_single.min.css]
[cdn2.hubspot.net/hub/19947038/hub_generated/module_assets/87153903797/1668675165097/module_87153903797_One_liner_Icon_Box.min.css]
[19947038.fs1.hubspotusercontent-na1.net/hubfs/19947038/raw_assets/public/koach/images/landing-02-banner.jpg]
[19947038.fs1.hubspotusercontent-na1.net/hubfs/19947038/raw_assets/public/koach/images/landing-02-banner1.png]
[19947038.fs1.hubspotusercontent-na1.net/hubfs/19947038/raw_assets/public/koach/images/Mask group-1.png]
[19947038.fs1.hubspotusercontent-na1.net/hubfs/19947038/raw_assets/public/koach/images/Mask group.png]
[19947038.fs1.hubspotusercontent-na1.net/hubfs/19947038/raw_assets/public/koach/images/team-3.png]
[19947038.fs1.hubspotusercontent-na1.net/hubfs/19947038/raw_assets/public/koach/images/landing-02-left-img.png]
[radiantthemes-19947038.hs-sites.com/koach/webinar-landing.html]
[cdn2.hubspot.net/hub/19947038/hub_generated/module_assets/91167135295/1668677233994/module_91167135295_Team_single.min.js]
[19947038.fs1.hubspotusercontent-na1.net/hubfs/19947038/raw_assets/public/koach/images/landing-last-banner.jpg]
[19947038.fs1.hubspotusercontent-na1.net/hubfs/19947038/raw_assets/public/koach/images/abt-us-left-col3.png]
[19947038.fs1.hubspotusercontent-na1.net/hubfs/19947038/koach-wht-logo-1x.png]
[19947038.fs1.hubspotusercontent-na1.net/hubfs/19947038/raw_assets/public/koach/images/landing-last-left-img.jpg]
[radiantthemes-19947038.hs-sites.com/koach/demo-landing.html]
[cdn2.hubspot.net/hub/19947038/hub_generated/module_assets/87153903796/1668686527892/module_87153903796_Custom_Heading.min.css]
[cdn2.hubspot.net/hub/19947038/hub_generated/module_assets/91310700657/1668673789306/module_91310700657_Image_And_Title_Box.min.css]
[19947038.fs1.hubspotusercontent-na1.net/hubfs/19947038/raw_assets/public/koach/images/ebbok-col-img1.png]
[19947038.fs1.hubspotusercontent-na1.net/hubfs/19947038/raw_assets/public/koach/images/landing-03-left-img1-2nd-sec.png]
[19947038.fs1.hubspotusercontent-na1.net/hubfs/19947038/raw_assets/public/koach/images/landing-04-box-01.png]
[19947038.fs1.hubspotusercontent-na1.net/hubfs/19947038/raw_assets/public/koach/images/landing-04-box-02.png]
[19947038.fs1.hubspotusercontent-na1.net/hubfs/19947038/raw_assets/public/koach/images/landing-04-box-03.png]
[19947038.fs1.hubspotusercontent-na1.net/hubfs/19947038/raw_assets/public/koach/images/email-landing-last-sec.png]
[radiantthemes-19947038.hs-sites.com/koach/koach/templates/partials/footer.3f0.delayed]
[radiantthemes-19947038.hs-sites.com/koach/email-marketing-ebook.html]
[19947038.fs1.hubspotusercontent-na1.net/hubfs/19947038/raw_assets/public/koach/images/abt-us-banner.png]
[19947038.fs1.hubspotusercontent-na1.net/hubfs/19947038/raw_assets/public/koach/images/about-full-right1-2x.png]
[radiantthemes-19947038.hs-sites.com/koach/about-us.html]
[19947038.fs1.hubspotusercontent-na1.net/hubfs/19947038/raw_assets/public/koach/images/service-banner-2X.jpg]
[19947038.fs1.hubspotusercontent-na1.net/hubfs/19947038/raw_assets/public/koach/images/service-left.png]
[radiantthemes-19947038.hs-sites.com/koach/service.html]
[19947038.fs1.hubspotusercontent-na1.net/hubfs/19947038/raw_assets/public/koach/images/srvc-dtls-bnnr.png]
[19947038.fs1.hubspotusercontent-na1.net/hubfs/19947038/raw_assets/public/koach/images/service-drtails-counter-2X.jpg]
[19947038.fs1.hubspotusercontent-na1.net/hubfs/19947038/raw_assets/public/koach/images/service-drtails-right-img-2X.jpg]
[19947038.fs1.hubspotusercontent-na1.net/hubfs/19947038/raw_assets/public/koach/images/service-drtails-section-2X.jpg]
[radiantthemes-19947038.hs-sites.com/koach/service-details.html]
[cdn2.hubspot.net/hub/19947038/hub_generated/module_assets/88672635009/1668667900963/module_88672635009_Faq_two.min.css]
[19947038.fs1.hubspotusercontent-na1.net/hubfs/19947038/raw_assets/public/koach/images/faq-bnnr-2x.png]
[19947038.fs1.hubspotusercontent-na1.net/hubfs/19947038/raw_assets/public/koach/images/faq-left-col-2x.png]
[radiantthemes-19947038.hs-sites.com/koach/faq.html]
[cdn2.hubspot.net/hub/19947038/hub_generated/module_assets/88672635009/1668667900177/module_88672635009_Faq_two.min.js]
[cdn2.hubspot.net/hub/19947038/hub_generated/module_assets/88797906037/1668677442932/module_88797906037_Testomonial_Slider.min.css]
[19947038.fs1.hubspotusercontent-na1.net/hubfs/19947038/raw_assets/public/koach/images/Rectangle 81.png]
[19947038.fs1.hubspotusercontent-na1.net/hubfs/19947038/raw_assets/public/koach/images/Rectangle 117.png]
[19947038.fs1.hubspotusercontent-na1.net/hubfs/19947038/raw_assets/public/koach/images/Rectangle 119.png]
[19947038.fs1.hubspotusercontent-na1.net/hubfs/19947038/raw_assets/public/koach/images/Rectangle 1050.png]
[radiantthemes-19947038.hs-sites.com/koach/testimonial.html]
[cdn2.hubspot.net/hub/19947038/hub_generated/module_assets/88797906037/1668677442049/module_88797906037_Testomonial_Slider.min.js]
[cdn2.hubspot.net/hub/19947038/hub_generated/module_assets/1669117122878/module_92458415530_pricing-card_copy.css]
[cdnjs.cloudflare.com/ajax/libs/jquery.matchHeight/0.7.2/jquery.matchHeight-min.js]
[radiantthemes-19947038.hs-sites.com/koach/pricing.html]
[cdn2.hubspot.net/hub/19947038/hub_generated/module_assets/92458415530/1669117122842/module_92458415530_pricing-card_copy.min.js]
[cdn2.hubspot.net/hub/19947038/hub_generated/module_assets/88813790127/1668677059356/module_88813790127_Team_copy.min.css]
[19947038.fs1.hubspotusercontent-na1.net/hubfs/19947038/raw_assets/public/koach/images/team-banner-2x.png]
[19947038.fs1.hubspotusercontent-na1.net/hubfs/19947038/raw_assets/public/koach/images/team-01.png]
[19947038.fs1.hubspotusercontent-na1.net/hubfs/19947038/raw_assets/public/koach/images/team-02.png]
[19947038.fs1.hubspotusercontent-na1.net/hubfs/19947038/raw_assets/public/koach/images/team-03.png]
[19947038.fs1.hubspotusercontent-na1.net/hubfs/19947038/raw_assets/public/koach/images/team-04.png]
[19947038.fs1.hubspotusercontent-na1.net/hubfs/19947038/raw_assets/public/koach/images/team5.jpg]
[19947038.fs1.hubspotusercontent-na1.net/hubfs/19947038/raw_assets/public/koach/images/team7.jpg]
[19947038.fs1.hubspotusercontent-na1.net/hubfs/19947038/raw_assets/public/koach/images/team11.jpg]
[19947038.fs1.hubspotusercontent-na1.net/hubfs/19947038/raw_assets/public/koach/images/team21.jpg]
[radiantthemes-19947038.hs-sites.com/koach/team.html]
[cdn2.hubspot.net/hub/19947038/hub_generated/module_assets/88813790127/1668677058536/module_88813790127_Team_copy.min.js]
[19947038.fs1.hubspotusercontent-na1.net/hubfs/19947038/raw_assets/public/koach/images/contact-banner-bg.png]
[19947038.fs1.hubspotusercontent-na1.net/hubfs/19947038/raw_assets/public/koach/images/contact-col-img1.png]
[radiantthemes-19947038.hs-sites.com/koach/contact-us.html]
[cdn2.hubspot.net/hub/19947038/hub_generated/template_assets/87153609082/1668665976169/koach/css/templates/blog.min.css]
[radiantthemes-19947038.hs-sites.com/koach/blog/rss.xml]
[radiantthemes-19947038.hs-sites.com/koach/blog/the-5-part-entrepreneurial-consulting-business-plan.html]
[19947038.fs1.hubspotusercontent-na1.net/hubfs/19947038/Mask group (19).jpg]
[radiantthemes-19947038.hs-sites.com/koach/blog/tag/business.html]
[19947038.fs1.hubspotusercontent-na1.net/hub/19947038/hubfs/james-smith-185a2.jpg]
[19947038.fs1.hubspotusercontent-na1.net/hubfs/19947038/Mask group (22).jpg]
[radiantthemes-19947038.hs-sites.com/koach/blog/mobile-apps-beyond-the-realm-of-human-imagination.html]
[radiantthemes-19947038.hs-sites.com/koach/blog/tag/consulting.html]
[19947038.fs1.hubspotusercontent-na1.net/hub/19947038/hubfs/authorc4ae.jpg]
[19947038.fs1.hubspotusercontent-na1.net/hubfs/19947038/Frame 2 (6).jpg]
[radiantthemes-19947038.hs-sites.com/koach/blog/8-metrics-for-consulting-businesses-what-to-track.html]
[19947038.fs1.hubspotusercontent-na1.net/hub/19947038/hubfs/team-0360e5.png]
[19947038.fs1.hubspotusercontent-na1.net/hubfs/19947038/Frame 2 (9).jpg]
[radiantthemes-19947038.hs-sites.com/koach/blog/apptek/blog/a-creative-transformation.html]
[radiantthemes-19947038.hs-sites.com/koach/blog/tag/life-coach.html]
[19947038.fs1.hubspotusercontent-na1.net/hubfs/19947038/Frame 2 (11).jpg]
[radiantthemes-19947038.hs-sites.com/koach/blog/how-to-write-your-consulting-firm-mission-statement.html]
[radiantthemes-19947038.hs-sites.com/koach/blog/tag/coaching.html]
[19947038.fs1.hubspotusercontent-na1.net/hub/19947038/hubfs/author42e01.jpg]
[19947038.fs1.hubspotusercontent-na1.net/hubfs/19947038/Frame 2 (7).jpg]
[radiantthemes-19947038.hs-sites.com/koach/blog/8-powerful-value-proposition-examples.html]
[radiantthemes-19947038.hs-sites.com/koach/blog/tag/marketing.html]
[19947038.fs1.hubspotusercontent-na1.net/hubfs/19947038/Frame 2 (12).jpg]
[radiantthemes-19947038.hs-sites.com/koach/blog/consulting-the-best-lifestyle.html]
[19947038.fs1.hubspotusercontent-na1.net/hubfs/19947038/Frame 2 (10).jpg]
[radiantthemes-19947038.hs-sites.com/koach/blog/how-to-start-a-consulting-business-in-2022.html]
[19947038.fs1.hubspotusercontent-na1.net/hub/19947038/hubfs/author2713b.jpg]
[19947038.fs1.hubspotusercontent-na1.net/hubfs/19947038/Frame 2 (8).jpg]
[radiantthemes-19947038.hs-sites.com/koach/blog/android-app-development-is-no-sweet-candies-affair.html]
[radiantthemes-19947038.hs-sites.com/koach/blog/tag/technical.html]
[19947038.fs1.hubspotusercontent-na1.net/hubfs/19947038/Frame 2 (4)-1.jpg]
[radiantthemes-19947038.hs-sites.com/koach/blog/tag/corporate.html]
[19947038.fs1.hubspotusercontent-na1.net/hubfs/19947038/Mask group (18).jpg]
[radiantthemes-19947038.hs-sites.com/koach/blog/selling-to-executives-what-works-for-b2b-consultants.html]
[radiantthemes-19947038.hs-sites.com/koach/blog/tag/counselor.html]
[19947038.fs1.hubspotusercontent-na1.net/hub/19947038/hubfs/john-smith196d.jpg]
[19947038.fs1.hubspotusercontent-na1.net/hubfs/19947038/Frame 2 (5).jpg]
[radiantthemes-19947038.hs-sites.com/koach/blog/6-ways-consultants-can-handle-capacity-issues-increased-demand.html]
[19947038.fs1.hubspotusercontent-na1.net/hub/19947038/hubfs/author1bb8c.jpg]
[radiantthemes-19947038.hs-sites.com/koach/blog.html]
[radiantthemes-19947038.hs-sites.com/koach/blog/marketing-strategy-to-get-clients3d9f.html]
[19947038.fs1.hubspotusercontent-na1.net/hub/19947038/hubfs/authore9d1.jpg]
[19947038.fs1.hubspotusercontent-na1.net/hub/19947038/hubfs/blog-details-main3978.png]
[19947038.fs1.hubspotusercontent-na1.net/hub/19947038/hubfs/Imported_Blog_Media/quote-Oct-28-2022-05-12-07-7618-AMe6c9.png]
[19947038.fs1.hubspotusercontent-na1.net/hub/19947038/hubfs/blog-details-01-155e3.png]
[19947038.fs1.hubspotusercontent-na1.net/hub/19947038/hubfs/blog-details-02-1cb7c.png]
[radiantthemes-19947038.hs-sites.com/koach/blog/koach/templates/partials/footer.html]
[radiantthemes-19947038.hs-sites.com/koach/blog/marketing-strategy-to-get-clients.html]
[radiantthemes-19947038.hs-sites.com/radiant-search-results0cce.html]
[radiantthemes-19947038.hs-sites.com/contact.html]
[radiantthemes-19947038.hs-sites.com/hs-search-resultsc6eb.html]
[track.hubspot.com/__ptqeb6a.gif]
[radiantthemes-19947038.hs-sites.com/en/visual-identity-system-is-more-memorable3d9f.html]
[radiantthemes-19947038.hs-sites.com/author/james-smith/page/1.html]
[radiantthemes-19947038.hs-sites.com/author/james-smith/page/softek/templates/partials/footer.49c.delayed]
[radiantthemes-19947038.hs-sites.com/author/james-smith/page/2.html]
[track.hubspot.com/__ptq1ea8.gif]
[radiantthemes-19947038.hs-sites.com/en/boost-your-startup-business-with-our-digital-agency3d9f.html]
[track.hubspot.com/__ptq8de4.gif]
[radiantthemes-19947038.hs-sites.com/miva/blog/en/all-about-form-in-great-design-and-development3d9f.html]
[track.hubspot.com/__ptq8fdd.gif]
[radiantthemes-19947038.hs-sites.com/en/get-in-over-your-head-as-often-and-as-joyfully-as-possible3d9f.html]
[track.hubspot.com/__ptq6c0e.gif]
[radiantthemes-19947038.hs-sites.com/en/tech-conference-with-global-activities3d9f.html]
[track.hubspot.com/__ptq3a44.gif]
[radiantthemes-19947038.hs-sites.com/en/the-growing-technology-initiate-excellent-profit3d9f.html]
[track.hubspot.com/__ptq902f.gif]
[radiantthemes-19947038.hs-sites.com/consultix/blog/en/all-about-form-in-great-design-and-development3d9f.html]
[radiantthemes-19947038.hs-sites.com/consultix/blog/author/david-smith/page/1.html]
[radiantthemes-19947038.hs-sites.com/consultix/blog/author/david-smith/page/consultix/templates/partials/footer.html]
[radiantthemes-19947038.hs-sites.com/miva/blog/page/1.html]
[radiantthemes-19947038.hs-sites.com/miva/blog/page/miva/templates/partials/footer.html]
[radiantthemes-19947038.hs-sites.com/miva/blog/author/john-smith/page/1.html]
[radiantthemes-19947038.hs-sites.com/miva/blog/author/john-smith/page/miva/templates/partials/footer.html]
[track.hubspot.com/__ptq8c1c.gif]
[radiantthemes-19947038.hs-sites.com/miva/blog/en/planning-your-online-business-goals-with-a-specialist3d9f.html]
[radiantthemes-19947038.hs-sites.com/page/1.html]
[radiantthemes-19947038.hs-sites.com/page/softek/templates/partials/footer.html]
[track.hubspot.com/__ptq1091.gif]
[radiantthemes-19947038.hs-sites.com/en/planning-your-online-business-goals-with-a-specialist3d9f.html]
[track.hubspot.com/__ptq16fd.gif]
[radiantthemes-19947038.hs-sites.com/en/all-about-form-in-great-design-and-development3d9f.html]
[track.hubspot.com/__ptqdf45.gif]
[radiantthemes-19947038.hs-sites.com/en/5-steps-forming-a-tax-exempt-nonprofit-corporation3d9f.html]
[radiantthemes-19947038.hs-sites.com/radiant-search-resultsc6eb.html]
[cdn2.hubspot.net/hub/19947038/hub_generated/module_assets/1668669330410/module_87153448361_Icon_Box_Icon_Top_Center.css]
[cdn2.hubspot.net/hub/19947038/hub_generated/module_assets/1668678137709/module_87153433874_Counter.css]
[cdn2.hubspot.net/hub/19947038/hub_generated/module_assets/1668677777675/module_87153431477_Counter_with_Icon.css]
[cdn2.hubspot.net/hub/19947038/hub_generated/module_assets/87153447179/1668674443561/module_87153447179_Image_And_Title_Box_With_Button.min.css]
[radiantthemes-19947038.hs-sites.com/koach/templates/partials/footer.html]
[cdn2.hubspot.net/hub/19947038/hub_generated/module_assets/1668676146626/module_87153957264_Progress_Bar.css]
[cdn2.hubspot.net/hub/19947038/hub_generated/module_assets/88106956600/1668668881230/module_88106956600_Hover_Image_Box_With_Button.min.css]
[cdn2.hubspot.net/hub/19947038/hub_generated/module_assets/87153448359/1668678319818/module_87153448359_Client.min.css]
[cdn2.hubspot.net/hub/19947038/hub_generated/module_assets/91167135295/1668677234808/module_91167135295_Team_single.min.css]
[cdn2.hubspot.net/hub/19947038/hub_generated/module_assets/87153903797/1668675165097/module_87153903797_One_liner_Icon_Box.min.css]
[cdn2.hubspot.net/hub/19947038/hub_generated/module_assets/87153903796/1668686527892/module_87153903796_Custom_Heading.min.css]
[cdn2.hubspot.net/hub/19947038/hub_generated/module_assets/91310700657/1668673789306/module_91310700657_Image_And_Title_Box.min.css]
[radiantthemes-19947038.hs-sites.com/koach/koach/templates/partials/footer.html]
[cdn2.hubspot.net/hub/19947038/hub_generated/module_assets/88672635009/1668667900963/module_88672635009_Faq_two.min.css]
[cdn2.hubspot.net/hub/19947038/hub_generated/module_assets/88797906037/1668677442932/module_88797906037_Testomonial_Slider.min.css]
[cdn2.hubspot.net/hub/19947038/hub_generated/module_assets/1669117122878/module_92458415530_pricing-card_copy.css]
[cdn2.hubspot.net/hub/19947038/hub_generated/module_assets/88813790127/1668677059356/module_88813790127_Team_copy.min.css]
[cdn2.hubspot.net/hub/19947038/hub_generated/template_assets/87153609082/1668665976169/koach/css/templates/blog.min.css]
[19947038.fs1.hubspotusercontent-na1.net/hubfs/19947038/raw_assets/public/koach/images/demo2-box1-03.png]
[radiantthemes-19947038.hs-sites.com/koach/blog/the-5-part-entrepreneurial-consulting-business-plan3d9f.html]
[19947038.fs1.hubspotusercontent-na1.net/hub/19947038/hubfs/james-smith-1a4f6.jpg]
[radiantthemes-19947038.hs-sites.com/koach/blog/the-5-part-entrepreneurial-consulting-business-plan.html]
[radiantthemes-19947038.hs-sites.com/koach/blog/tag/koach/templates/partials/footer.html]
[radiantthemes-19947038.hs-sites.com/koach/blog/tag/business.html]
[radiantthemes-19947038.hs-sites.com/koach/blog/mobile-apps-beyond-the-realm-of-human-imagination3d9f.html]
[radiantthemes-19947038.hs-sites.com/koach/blog/mobile-apps-beyond-the-realm-of-human-imagination.html]
[radiantthemes-19947038.hs-sites.com/koach/blog/tag/consulting.html]
[radiantthemes-19947038.hs-sites.com/koach/blog/8-metrics-for-consulting-businesses-what-to-track3d9f.html]
[radiantthemes-19947038.hs-sites.com/koach/blog/8-metrics-for-consulting-businesses-what-to-track.html]
[radiantthemes-19947038.hs-sites.com/koach/blog/apptek/blog/a-creative-transformation3d9f.html]
[radiantthemes-19947038.hs-sites.com/koach/blog/apptek/blog/koach/templates/partials/footer.html]
[radiantthemes-19947038.hs-sites.com/koach/blog/apptek/blog/a-creative-transformation.html]
[radiantthemes-19947038.hs-sites.com/koach/blog/tag/life-coach.html]
[radiantthemes-19947038.hs-sites.com/koach/blog/how-to-write-your-consulting-firm-mission-statement3d9f.html]
[radiantthemes-19947038.hs-sites.com/koach/blog/how-to-write-your-consulting-firm-mission-statement.html]
[radiantthemes-19947038.hs-sites.com/koach/blog/tag/coaching.html]
[radiantthemes-19947038.hs-sites.com/koach/blog/8-powerful-value-proposition-examples3d9f.html]
[radiantthemes-19947038.hs-sites.com/koach/blog/8-powerful-value-proposition-examples.html]
[radiantthemes-19947038.hs-sites.com/koach/blog/tag/marketing.html]
[radiantthemes-19947038.hs-sites.com/koach/blog/consulting-the-best-lifestyle3d9f.html]
[radiantthemes-19947038.hs-sites.com/koach/blog/consulting-the-best-lifestyle.html]
[radiantthemes-19947038.hs-sites.com/koach/blog/how-to-start-a-consulting-business-in-20223d9f.html]
[19947038.fs1.hubspotusercontent-na1.net/hub/19947038/hubfs/author2c4fb.jpg]
[radiantthemes-19947038.hs-sites.com/koach/blog/how-to-start-a-consulting-business-in-2022.html]
[radiantthemes-19947038.hs-sites.com/koach/blog/android-app-development-is-no-sweet-candies-affair3d9f.html]
[radiantthemes-19947038.hs-sites.com/koach/blog/android-app-development-is-no-sweet-candies-affair.html]
[radiantthemes-19947038.hs-sites.com/koach/blog/tag/technical.html]
[radiantthemes-19947038.hs-sites.com/koach/blog/tag/corporate.html]
[radiantthemes-19947038.hs-sites.com/koach/blog/selling-to-executives-what-works-for-b2b-consultants3d9f.html]
[radiantthemes-19947038.hs-sites.com/koach/blog/selling-to-executives-what-works-for-b2b-consultants.html]
[radiantthemes-19947038.hs-sites.com/koach/blog/tag/counselor.html]
[radiantthemes-19947038.hs-sites.com/koach/blog/6-ways-consultants-can-handle-capacity-issues-increased-demand3d9f.html]
[19947038.fs1.hubspotusercontent-na1.net/hub/19947038/hubfs/author1635d.jpg]
[radiantthemes-19947038.hs-sites.com/koach/blog/6-ways-consultants-can-handle-capacity-issues-increased-demand.html]
[radiantthemes-19947038.hs-sites.com/koach/blog/author/florence-williams.html]
[track.hubspot.com/__ptq8fcf.gif]
[radiantthemes-19947038.hs-sites.com/koach/blog/marketing-strategy-to-get-clients3d9f.html]
[radiantthemes-19947038.hs-sites.com/koach/blog/koach/templates/partials/footer.html]
[radiantthemes-19947038.hs-sites.com/author/james-smith/page/1.html]
[radiantthemes-19947038.hs-sites.com/author/james-smith/page/softek/templates/partials/footer.html]
[radiantthemes-19947038.hs-sites.com/koach/blog/author/richard-roe.html]
[track.hubspot.com/__ptq18e5.gif]
[radiantthemes-19947038.hs-sites.com/koach/blog/the-5-part-entrepreneurial-consulting-business-plan3d9f.html]
[radiantthemes-19947038.hs-sites.com/koach/blog/tag/koach/templates/partials/footer.html]
[track.hubspot.com/__ptqad02.gif]
[radiantthemes-19947038.hs-sites.com/koach/blog/mobile-apps-beyond-the-realm-of-human-imagination3d9f.html]
[radiantthemes-19947038.hs-sites.com/koach/blog/author/james-smith.html]
[track.hubspot.com/__ptq8f9c.gif]
[radiantthemes-19947038.hs-sites.com/koach/blog/8-metrics-for-consulting-businesses-what-to-track3d9f.html]
[track.hubspot.com/__ptq7863.gif]
[radiantthemes-19947038.hs-sites.com/koach/blog/apptek/blog/a-creative-transformation3d9f.html]
[radiantthemes-19947038.hs-sites.com/koach/blog/apptek/blog/koach/templates/partials/footer.html]
[radiantthemes-19947038.hs-sites.com/koach/blog/author/david-smith.html]
[track.hubspot.com/__ptq295c.gif]
[radiantthemes-19947038.hs-sites.com/koach/blog/how-to-write-your-consulting-firm-mission-statement3d9f.html]
[track.hubspot.com/__ptq88e3.gif]
[radiantthemes-19947038.hs-sites.com/koach/blog/8-powerful-value-proposition-examples3d9f.html]
[track.hubspot.com/__ptq5850.gif]
[radiantthemes-19947038.hs-sites.com/koach/blog/consulting-the-best-lifestyle3d9f.html]
[radiantthemes-19947038.hs-sites.com/koach/blog/author/beatriz-brown.html]
[track.hubspot.com/__ptq4167.gif]
[radiantthemes-19947038.hs-sites.com/koach/blog/how-to-start-a-consulting-business-in-20223d9f.html]
[track.hubspot.com/__ptq191f.gif]
[radiantthemes-19947038.hs-sites.com/koach/blog/android-app-development-is-no-sweet-candies-affair3d9f.html]
[radiantthemes-19947038.hs-sites.com/koach/blog/author/john-smith.html]
[track.hubspot.com/__ptq269c.gif]
[radiantthemes-19947038.hs-sites.com/koach/blog/selling-to-executives-what-works-for-b2b-consultants3d9f.html]
[radiantthemes-19947038.hs-sites.com/koach/blog/author/devid-doe.html]
[track.hubspot.com/__ptq6bd7.gif]
[radiantthemes-19947038.hs-sites.com/koach/blog/6-ways-consultants-can-handle-capacity-issues-increased-demand3d9f.html]
[radiantthemes-19947038.hs-sites.com/koach/blog/author/koach/templates/partials/footer.html]
[radiantthemes-19947038.hs-sites.com/koach/blog/author/florence-williams.html]
[radiantthemes-19947038.hs-sites.com/koach/blog/author/richard-roe.html]
[radiantthemes-19947038.hs-sites.com/koach/blog/author/james-smith.html]
[radiantthemes-19947038.hs-sites.com/koach/blog/author/david-smith.html]
[radiantthemes-19947038.hs-sites.com/koach/blog/author/beatriz-brown.html]
[radiantthemes-19947038.hs-sites.com/koach/blog/author/john-smith.html]
[radiantthemes-19947038.hs-sites.com/koach/blog/author/devid-doe.html]
[radiantthemes-19947038.hs-sites.com/koach/blog/author/koach/templates/partials/footer.html]
